728464@128-IMAC31 c:\xampp
# mysql -u root -p csd2204w18 < C:/xampp/db.sql
Enter password:

728464@128-IMAC31 c:\xampp
# mysql -u root -p
Enter password:
Welcome to the MariaDB monitor.  Commands end with ; or \g.
Your MariaDB connection id is 6
Server version: 10.1.21-MariaDB mariadb.org binary distribution

Copyright (c) 2000, 2016, Oracle, MariaDB Corporation Ab and others.

Type 'help;' or '\h' for help. Type '\c' to clear the current input statement.

MariaDB [(none)]> use csd2204w18;
Database changed
MariaDB [csd2204w18]> show tables;
+----------------------+
| Tables_in_csd2204w18 |
+----------------------+
| countries            |
| departments          |
| employees            |
| job_history          |
| jobs                 |
| locations            |
| regions              |
+----------------------+
7 rows in set (0.02 sec)

MariaDB [csd2204w18]> SET @n1 = 10;
Query OK, 0 rows affected (0.00 sec)

MariaDB [csd2204w18]> select @n1;
+------+
| @n1  |
+------+
|   10 |
+------+
1 row in set (0.00 sec)

MariaDB [csd2204w18]> CREATE TABLE manu(Code INTEGER(3) AUTO_INCREMENT ,Name VARCHAR(50) NOT NULL,CONSTRAINT PK_MANU PRIMARY KEY (CODE));INSERT INTO manu(Name) VALUES('Sony');INSERT INTO manu(Name) VALUES('Creative Labs');INSERT INTO manu(Name) VALUES('Hewlett-Packard');INSERT INTO manu(Name) VALUES('Iomega');INSERT INTO manu(Name) VALUES('Fujitsu');INSERT INTO manu(Name) VALUES('Winchester');INSERT INTO manu(Name) VALUES('moxDroid Labs Inc');INSERT INTO manu(Name) VALUES("Dell");INSERT INTO manu(Name) VALUES("Bell Labs");CREATE TABLE Products (    Code INTEGER(3) AUTO_INCREMENT,    Name VARCHAR(255) NOT NULL ,    Price DECIMAL NOT NULL ,    Manufacturer INTEGER(3),    CONSTRAINT PK_PRODUCTS PRIMARY KEY (Code),    CONSTRAINT FK_PRODUCTS FOREIGN KEY (Manufacturer) REFERENCES manu(Code)     );INSERT INTO Products(Name,Price,Manufacturer) VALUES('Hard drive',240,5);INSERT INTO Products(Name,Price,Manufacturer) VALUES('Memory',120,6);INSERT INTO Products(Name,Price,Manufacturer) VALUES('ZIP drive',150,4);INSERT INTO Products(Name,Price,Manufacturer) VALUES('Floppy disk',5,6);INSERT INTO Products(Name,Price,Manufacturer) VALUES('Monitor',240,1);INSERT INTO Products(Name,Price,Manufacturer) VALUES('DVD drive',180,2);INSERT INTO Products(Name,Price,Manufacturer) VALUES('CD drive',90,2);INSERT INTO Products(Name,Price,Manufacturer) VALUES('Printer',270,3);INSERT INTO Products(Name,Price,Manufacturer) VALUES('Toner cartridge',66,3);INSERT INTO Products(Name,Price,Manufacturer) VALUES('DVD burner',180,2);INSERT INTO Products(Name,Price,Manufacturer) VALUES('Printer',40.00,7);INSERT INTO Products(Name,Price,Manufacturer) VALUES('Toner cartridge',54.00,7);INSERT INTO Products(Name,Price,Manufacturer) VALUES('DVD burner',78.00,7);
Query OK, 0 rows affected (0.51 sec)

Query OK, 1 row affected (0.05 sec)

Query OK, 1 row affected (0.03 sec)

Query OK, 1 row affected (0.11 sec)

Query OK, 1 row affected (0.13 sec)

Query OK, 1 row affected (0.06 sec)

Query OK, 1 row affected (0.06 sec)

Query OK, 1 row affected (0.06 sec)

Query OK, 1 row affected (0.08 sec)

Query OK, 1 row affected (0.09 sec)

Query OK, 0 rows affected (0.63 sec)

Query OK, 1 row affected (0.02 sec)

Query OK, 1 row affected (0.06 sec)

Query OK, 1 row affected (0.06 sec)

Query OK, 1 row affected (0.06 sec)

Query OK, 1 row affected (0.06 sec)

Query OK, 1 row affected (0.08 sec)

Query OK, 1 row affected (0.13 sec)

Query OK, 1 row affected (0.11 sec)

Query OK, 1 row affected (0.06 sec)

Query OK, 1 row affected (0.06 sec)

Query OK, 1 row affected (0.06 sec)

Query OK, 1 row affected (0.01 sec)

Query OK, 1 row affected (0.06 sec)

MariaDB [csd2204w18]> select * from products;
+------+-----------------+-------+--------------+
| Code | Name            | Price | Manufacturer |
+------+-----------------+-------+--------------+
|    1 | Hard drive      |   240 |            5 |
|    2 | Memory          |   120 |            6 |
|    3 | ZIP drive       |   150 |            4 |
|    4 | Floppy disk     |     5 |            6 |
|    5 | Monitor         |   240 |            1 |
|    6 | DVD drive       |   180 |            2 |
|    7 | CD drive        |    90 |            2 |
|    8 | Printer         |   270 |            3 |
|    9 | Toner cartridge |    66 |            3 |
|   10 | DVD burner      |   180 |            2 |
|   11 | Printer         |    40 |            7 |
|   12 | Toner cartridge |    54 |            7 |
|   13 | DVD burner      |    78 |            7 |
+------+-----------------+-------+--------------+
13 rows in set (0.00 sec)

MariaDB [csd2204w18]> select price from products where name like 'Memory' INTO @Mrice;
Query OK, 1 row affected (0.00 sec)

MariaDB [csd2204w18]> select @Mprice;
+---------+
| @Mprice |
+---------+
| NULL    |
+---------+
1 row in set (0.00 sec)

MariaDB [csd2204w18]> select price from products where name like 'Memory' INTO @Mprice;
Query OK, 1 row affected (0.00 sec)

MariaDB [csd2204w18]> select @Mprice;
+---------+
| @Mprice |
+---------+
|     120 |
+---------+
1 row in set (0.00 sec)

MariaDB [csd2204w18]> select @Mprice=price from products where name like 'Memory';
+---------------+
| @Mprice=price |
+---------------+
|             1 |
+---------------+
1 row in set (0.00 sec)

MariaDB [csd2204w18]> CREATE TABLE animals (     id MEDIUMINT NOT NULL AUTO_INCREMENT,     name CHAR(30) NOT NULL,     CONSTRAINT PK_animals PRIMARY KEY (id));INSERT INTO animals (name) VALUES    ('dog'),('cat'),('penguin'),    ('lax'),('whale'),('ostrich');SELECT * FROM animals;CREATE TABLE pet (name VARCHAR(20), owner VARCHAR(20),    species VARCHAR(20),     sex CHAR(1),     birth DATE,     death DATE);
Query OK, 0 rows affected (3.60 sec)

Query OK, 6 rows affected (0.36 sec)
Records: 6  Duplicates: 0  Warnings: 0

+----+---------+
| id | name    |
+----+---------+
|  1 | dog     |
|  2 | cat     |
|  3 | penguin |
|  4 | lax     |
|  5 | whale   |
|  6 | ostrich |
+----+---------+
6 rows in set (0.00 sec)

Query OK, 0 rows affected (2.50 sec)

MariaDB [csd2204w18]> select * from animals;
+----+---------+
| id | name    |
+----+---------+
|  1 | dog     |
|  2 | cat     |
|  3 | penguin |
|  4 | lax     |
|  5 | whale   |
|  6 | ostrich |
+----+---------+
6 rows in set (0.00 sec)

MariaDB [csd2204w18]> load data infile 'C:/xampp/pet.txt' into table pet;
ERROR 29 (HY000): File 'C:\xampp\pet.txt' not found (Errcode: 2 "No such file or directory")
MariaDB [csd2204w18]> load data infile 'C:/xampp/pet.txt' into table pet;
Query OK, 8 rows affected, 7 warnings (0.48 sec)
Records: 8  Deleted: 0  Skipped: 0  Warnings: 7

MariaDB [csd2204w18]> select * from animals;
+----+---------+
| id | name    |
+----+---------+
|  1 | dog     |
|  2 | cat     |
|  3 | penguin |
|  4 | lax     |
|  5 | whale   |
|  6 | ostrich |
+----+---------+
6 rows in set (0.00 sec)

MariaDB [csd2204w18]> insert into animals (id, name) values (7,'kangaroo');
Query OK, 1 row affected (0.14 sec)

MariaDB [csd2204w18]> select * from animals;
+----+----------+
| id | name     |
+----+----------+
|  1 | dog      |
|  2 | cat      |
|  3 | penguin  |
|  4 | lax      |
|  5 | whale    |
|  6 | ostrich  |
|  7 | kangaroo |
+----+----------+
7 rows in set (0.00 sec)

MariaDB [csd2204w18]> insert into animals (id, name) values (10,'panda');
Query OK, 1 row affected (0.06 sec)

MariaDB [csd2204w18]> select * from animals;
+----+----------+
| id | name     |
+----+----------+
|  1 | dog      |
|  2 | cat      |
|  3 | penguin  |
|  4 | lax      |
|  5 | whale    |
|  6 | ostrich  |
|  7 | kangaroo |
| 10 | panda    |
+----+----------+
8 rows in set (0.00 sec)

MariaDB [csd2204w18]> insert into animals (name) values ('kangaroo');
Query OK, 1 row affected (0.03 sec)

MariaDB [csd2204w18]> select * from animals;
+----+----------+
| id | name     |
+----+----------+
|  1 | dog      |
|  2 | cat      |
|  3 | penguin  |
|  4 | lax      |
|  5 | whale    |
|  6 | ostrich  |
|  7 | kangaroo |
| 10 | panda    |
| 11 | kangaroo |
+----+----------+
9 rows in set (0.00 sec)

MariaDB [csd2204w18]> delete * from animals where id=11;
ERROR 1064 (42000): You have an error in your SQL syntax; check the manual that corresponds to your MariaDB server version for the right syntax to use near '* from animals where id=11' at line 1
MariaDB [csd2204w18]> delete from animals where id=11;
Query OK, 1 row affected (0.06 sec)

MariaDB [csd2204w18]> insert into animals (name) values ('tiger');
Query OK, 1 row affected (0.08 sec)

MariaDB [csd2204w18]> select * from animals;
+----+----------+
| id | name     |
+----+----------+
|  1 | dog      |
|  2 | cat      |
|  3 | penguin  |
|  4 | lax      |
|  5 | whale    |
|  6 | ostrich  |
|  7 | kangaroo |
| 10 | panda    |
| 12 | tiger    |
+----+----------+
9 rows in set (0.00 sec)

MariaDB [csd2204w18]> select last_insert_id();
+------------------+
| last_insert_id() |
+------------------+
|               12 |
+------------------+
1 row in set (0.00 sec)
MariaDB [csd2204w18]> select name,price from products where name = 'monitor' INTO OUTFILE 'C:/xampp/result.txt';
Query OK, 1 row affected (0.02 sec)

MariaDB [csd2204w18]> select * from employee;
ERROR 1146 (42S02): Table 'csd2204w18.employee' doesn't exist
MariaDB [csd2204w18]> select * from employees;
+-------------+-------------+-------------+----------+--------------------+------------+------------+----------+----------------+------------+---------------+
| EMPLOYEE_ID | FIRST_NAME  | LAST_NAME   | EMAIL    | PHONE_NUMBER       | HIRE_DATE  | JOB_ID     | SALARY   | COMMISSION_PCT | MANAGER_ID | DEPARTMENT_ID |
+-------------+-------------+-------------+----------+--------------------+------------+------------+----------+----------------+------------+---------------+
|         100 | Steven      | King        | SKING    | 515.123.4567       | 1987-06-17 | AD_PRES    | 24000.00 |           0.00 |          0 |            90 |
|         101 | Neena       | Kochhar     | NKOCHHAR | 515.123.4568       | 1987-06-18 | AD_VP      | 17000.00 |           0.00 |        100 |            90 |
|         102 | Lex         | De Haan     | LDEHAAN  | 515.123.4569       | 1987-06-19 | AD_VP      | 17000.00 |           0.00 |        100 |            90 |
|         103 | Alexander   | Hunold      | AHUNOLD  | 590.423.4567       | 1987-06-20 | IT_PROG    |  9000.00 |           0.00 |        102 |            60 |
|         104 | Bruce       | Ernst       | BERNST   | 590.423.4568       | 1987-06-21 | IT_PROG    |  6000.00 |           0.00 |        103 |            60 |
|         105 | David       | Austin      | DAUSTIN  | 590.423.4569       | 1987-06-22 | IT_PROG    |  4800.00 |           0.00 |        103 |            60 |
|         106 | Valli       | Pataballa   | VPATABAL | 590.423.4560       | 1987-06-23 | IT_PROG    |  4800.00 |           0.00 |        103 |            60 |
|         107 | Diana       | Lorentz     | DLORENTZ | 590.423.5567       | 1987-06-24 | IT_PROG    |  4200.00 |           0.00 |        103 |            60 |
|         108 | Nancy       | Greenberg   | NGREENBE | 515.124.4569       | 1987-06-25 | FI_MGR     | 12000.00 |           0.00 |        101 |           100 |
|         109 | Daniel      | Faviet      | DFAVIET  | 515.124.4169       | 1987-06-26 | FI_ACCOUNT |  9000.00 |           0.00 |        108 |           100 |
|         110 | John        | Chen        | JCHEN    | 515.124.4269       | 1987-06-27 | FI_ACCOUNT |  8200.00 |           0.00 |        108 |           100 |
|         111 | Ismael      | Sciarra     | ISCIARRA | 515.124.4369       | 1987-06-28 | FI_ACCOUNT |  7700.00 |           0.00 |        108 |           100 |
|         112 | Jose Manuel | Urman       | JMURMAN  | 515.124.4469       | 1987-06-29 | FI_ACCOUNT |  7800.00 |           0.00 |        108 |           100 |
|         113 | Luis        | Popp        | LPOPP    | 515.124.4567       | 1987-06-30 | FI_ACCOUNT |  6900.00 |           0.00 |        108 |           100 |
|         114 | Den         | Raphaely    | DRAPHEAL | 515.127.4561       | 1987-07-01 | PU_MAN     | 11000.00 |           0.00 |        100 |            30 |
|         115 | Alexander   | Khoo        | AKHOO    | 515.127.4562       | 1987-07-02 | PU_CLERK   |  3100.00 |           0.00 |        114 |            30 |
|         116 | Shelli      | Baida       | SBAIDA   | 515.127.4563       | 1987-07-03 | PU_CLERK   |  2900.00 |           0.00 |        114 |            30 |
|         117 | Sigal       | Tobias      | STOBIAS  | 515.127.4564       | 1987-07-04 | PU_CLERK   |  2800.00 |           0.00 |        114 |            30 |
|         118 | Guy         | Himuro      | GHIMURO  | 515.127.4565       | 1987-07-05 | PU_CLERK   |  2600.00 |           0.00 |        114 |            30 |
|         119 | Karen       | Colmenares  | KCOLMENA | 515.127.4566       | 1987-07-06 | PU_CLERK   |  2500.00 |           0.00 |        114 |            30 |
|         120 | Matthew     | Weiss       | MWEISS   | 650.123.1234       | 1987-07-07 | ST_MAN     |  8000.00 |           0.00 |        100 |            50 |
|         121 | Adam        | Fripp       | AFRIPP   | 650.123.2234       | 1987-07-08 | ST_MAN     |  8200.00 |           0.00 |        100 |            50 |
|         122 | Payam       | Kaufling    | PKAUFLIN | 650.123.3234       | 1987-07-09 | ST_MAN     |  7900.00 |           0.00 |        100 |            50 |
|         123 | Shanta      | Vollman     | SVOLLMAN | 650.123.4234       | 1987-07-10 | ST_MAN     |  6500.00 |           0.00 |        100 |            50 |
|         124 | Kevin       | Mourgos     | KMOURGOS | 650.123.5234       | 1987-07-11 | ST_MAN     |  5800.00 |           0.00 |        100 |            50 |
|         125 | Julia       | Nayer       | JNAYER   | 650.124.1214       | 1987-07-12 | ST_CLERK   |  3200.00 |           0.00 |        120 |            50 |
|         126 | Irene       | Mikkilineni | IMIKKILI | 650.124.1224       | 1987-07-13 | ST_CLERK   |  2700.00 |           0.00 |        120 |            50 |
|         127 | James       | Landry      | JLANDRY  | 650.124.1334       | 1987-07-14 | ST_CLERK   |  2400.00 |           0.00 |        120 |            50 |
|         128 | Steven      | Markle      | SMARKLE  | 650.124.1434       | 1987-07-15 | ST_CLERK   |  2200.00 |           0.00 |        120 |            50 |
|         129 | Laura       | Bissot      | LBISSOT  | 650.124.5234       | 1987-07-16 | ST_CLERK   |  3300.00 |           0.00 |        121 |            50 |
|         130 | Mozhe       | Atkinson    | MATKINSO | 650.124.6234       | 1987-07-17 | ST_CLERK   |  2800.00 |           0.00 |        121 |            50 |
|         131 | James       | Marlow      | JAMRLOW  | 650.124.7234       | 1987-07-18 | ST_CLERK   |  2500.00 |           0.00 |        121 |            50 |
|         132 | TJ          | Olson       | TJOLSON  | 650.124.8234       | 1987-07-19 | ST_CLERK   |  2100.00 |           0.00 |        121 |            50 |
|         133 | Jason       | Mallin      | JMALLIN  | 650.127.1934       | 1987-07-20 | ST_CLERK   |  3300.00 |           0.00 |        122 |            50 |
|         134 | Michael     | Rogers      | MROGERS  | 650.127.1834       | 1987-07-21 | ST_CLERK   |  2900.00 |           0.00 |        122 |            50 |
|         135 | Ki          | Gee         | KGEE     | 650.127.1734       | 1987-07-22 | ST_CLERK   |  2400.00 |           0.00 |        122 |            50 |
|         136 | Hazel       | Philtanker  | HPHILTAN | 650.127.1634       | 1987-07-23 | ST_CLERK   |  2200.00 |           0.00 |        122 |            50 |
|         137 | Renske      | Ladwig      | RLADWIG  | 650.121.1234       | 1987-07-24 | ST_CLERK   |  3600.00 |           0.00 |        123 |            50 |
|         138 | Stephen     | Stiles      | SSTILES  | 650.121.2034       | 1987-07-25 | ST_CLERK   |  3200.00 |           0.00 |        123 |            50 |
|         139 | John        | Seo         | JSEO     | 650.121.2019       | 1987-07-26 | ST_CLERK   |  2700.00 |           0.00 |        123 |            50 |
|         140 | Joshua      | Patel       | JPATEL   | 650.121.1834       | 1987-07-27 | ST_CLERK   |  2500.00 |           0.00 |        123 |            50 |
|         141 | Trenna      | Rajs        | TRAJS    | 650.121.8009       | 1987-07-28 | ST_CLERK   |  3500.00 |           0.00 |        124 |            50 |
|         142 | Curtis      | Davies      | CDAVIES  | 650.121.2994       | 1987-07-29 | ST_CLERK   |  3100.00 |           0.00 |        124 |            50 |
|         143 | Randall     | Matos       | RMATOS   | 650.121.2874       | 1987-07-30 | ST_CLERK   |  2600.00 |           0.00 |        124 |            50 |
|         144 | Peter       | Vargas      | PVARGAS  | 650.121.2004       | 1987-07-31 | ST_CLERK   |  2500.00 |           0.00 |        124 |            50 |
|         145 | John        | Russell     | JRUSSEL  | 011.44.1344.429268 | 1987-08-01 | SA_MAN     | 14000.00 |           0.40 |        100 |            80 |
|         146 | Karen       | Partners    | KPARTNER | 011.44.1344.467268 | 1987-08-02 | SA_MAN     | 13500.00 |           0.30 |        100 |            80 |
|         147 | Alberto     | Errazuriz   | AERRAZUR | 011.44.1344.429278 | 1987-08-03 | SA_MAN     | 12000.00 |           0.30 |        100 |            80 |
|         148 | Gerald      | Cambrault   | GCAMBRAU | 011.44.1344.619268 | 1987-08-04 | SA_MAN     | 11000.00 |           0.30 |        100 |            80 |
|         149 | Eleni       | Zlotkey     | EZLOTKEY | 011.44.1344.429018 | 1987-08-05 | SA_MAN     | 10500.00 |           0.20 |        100 |            80 |
|         150 | Peter       | Tucker      | PTUCKER  | 011.44.1344.129268 | 1987-08-06 | SA_REP     | 10000.00 |           0.30 |        145 |            80 |
|         151 | David       | Bernstein   | DBERNSTE | 011.44.1344.345268 | 1987-08-07 | SA_REP     |  9500.00 |           0.25 |        145 |            80 |
|         152 | Peter       | Hall        | PHALL    | 011.44.1344.478968 | 1987-08-08 | SA_REP     |  9000.00 |           0.25 |        145 |            80 |
|         153 | Christopher | Olsen       | COLSEN   | 011.44.1344.498718 | 1987-08-09 | SA_REP     |  8000.00 |           0.20 |        145 |            80 |
|         154 | Nanette     | Cambrault   | NCAMBRAU | 011.44.1344.987668 | 1987-08-10 | SA_REP     |  7500.00 |           0.20 |        145 |            80 |
|         155 | Oliver      | Tuvault     | OTUVAULT | 011.44.1344.486508 | 1987-08-11 | SA_REP     |  7000.00 |           0.15 |        145 |            80 |
|         156 | Janette     | King        | JKING    | 011.44.1345.429268 | 1987-08-12 | SA_REP     | 10000.00 |           0.35 |        146 |            80 |
|         157 | Patrick     | Sully       | PSULLY   | 011.44.1345.929268 | 1987-08-13 | SA_REP     |  9500.00 |           0.35 |        146 |            80 |
|         158 | Allan       | McEwen      | AMCEWEN  | 011.44.1345.829268 | 1987-08-14 | SA_REP     |  9000.00 |           0.35 |        146 |            80 |
|         159 | Lindsey     | Smith       | LSMITH   | 011.44.1345.729268 | 1987-08-15 | SA_REP     |  8000.00 |           0.30 |        146 |            80 |
|         160 | Louise      | Doran       | LDORAN   | 011.44.1345.629268 | 1987-08-16 | SA_REP     |  7500.00 |           0.30 |        146 |            80 |
|         161 | Sarath      | Sewall      | SSEWALL  | 011.44.1345.529268 | 1987-08-17 | SA_REP     |  7000.00 |           0.25 |        146 |            80 |
|         162 | Clara       | Vishney     | CVISHNEY | 011.44.1346.129268 | 1987-08-18 | SA_REP     | 10500.00 |           0.25 |        147 |            80 |
|         163 | Danielle    | Greene      | DGREENE  | 011.44.1346.229268 | 1987-08-19 | SA_REP     |  9500.00 |           0.15 |        147 |            80 |
|         164 | Mattea      | Marvins     | MMARVINS | 011.44.1346.329268 | 1987-08-20 | SA_REP     |  7200.00 |           0.10 |        147 |            80 |
|         165 | David       | Lee         | DLEE     | 011.44.1346.529268 | 1987-08-21 | SA_REP     |  6800.00 |           0.10 |        147 |            80 |
|         166 | Sundar      | Ande        | SANDE    | 011.44.1346.629268 | 1987-08-22 | SA_REP     |  6400.00 |           0.10 |        147 |            80 |
|         167 | Amit        | Banda       | ABANDA   | 011.44.1346.729268 | 1987-08-23 | SA_REP     |  6200.00 |           0.10 |        147 |            80 |
|         168 | Lisa        | Ozer        | LOZER    | 011.44.1343.929268 | 1987-08-24 | SA_REP     | 11500.00 |           0.25 |        148 |            80 |
|         169 | Harrison    | Bloom       | HBLOOM   | 011.44.1343.829268 | 1987-08-25 | SA_REP     | 10000.00 |           0.20 |        148 |            80 |
|         170 | Tayler      | Fox         | TFOX     | 011.44.1343.729268 | 1987-08-26 | SA_REP     |  9600.00 |           0.20 |        148 |            80 |
|         171 | William     | Smith       | WSMITH   | 011.44.1343.629268 | 1987-08-27 | SA_REP     |  7400.00 |           0.15 |        148 |            80 |
|         172 | Elizabeth   | Bates       | EBATES   | 011.44.1343.529268 | 1987-08-28 | SA_REP     |  7300.00 |           0.15 |        148 |            80 |
|         173 | Sundita     | Kumar       | SKUMAR   | 011.44.1343.329268 | 1987-08-29 | SA_REP     |  6100.00 |           0.10 |        148 |            80 |
|         174 | Ellen       | Abel        | EABEL    | 011.44.1644.429267 | 1987-08-30 | SA_REP     | 11000.00 |           0.30 |        149 |            80 |
|         175 | Alyssa      | Hutton      | AHUTTON  | 011.44.1644.429266 | 1987-08-31 | SA_REP     |  8800.00 |           0.25 |        149 |            80 |
|         176 | Jonathon    | Taylor      | JTAYLOR  | 011.44.1644.429265 | 1987-09-01 | SA_REP     |  8600.00 |           0.20 |        149 |            80 |
|         177 | Jack        | Livingston  | JLIVINGS | 011.44.1644.429264 | 1987-09-02 | SA_REP     |  8400.00 |           0.20 |        149 |            80 |
|         178 | Kimberely   | Grant       | KGRANT   | 011.44.1644.429263 | 1987-09-03 | SA_REP     |  7000.00 |           0.15 |        149 |             0 |
|         179 | Charles     | Johnson     | CJOHNSON | 011.44.1644.429262 | 1987-09-04 | SA_REP     |  6200.00 |           0.10 |        149 |            80 |
|         180 | Winston     | Taylor      | WTAYLOR  | 650.507.9876       | 1987-09-05 | SH_CLERK   |  3200.00 |           0.00 |        120 |            50 |
|         181 | Jean        | Fleaur      | JFLEAUR  | 650.507.9877       | 1987-09-06 | SH_CLERK   |  3100.00 |           0.00 |        120 |            50 |
|         182 | Martha      | Sullivan    | MSULLIVA | 650.507.9878       | 1987-09-07 | SH_CLERK   |  2500.00 |           0.00 |        120 |            50 |
|         183 | Girard      | Geoni       | GGEONI   | 650.507.9879       | 1987-09-08 | SH_CLERK   |  2800.00 |           0.00 |        120 |            50 |
|         184 | Nandita     | Sarchand    | NSARCHAN | 650.509.1876       | 1987-09-09 | SH_CLERK   |  4200.00 |           0.00 |        121 |            50 |
|         185 | Alexis      | Bull        | ABULL    | 650.509.2876       | 1987-09-10 | SH_CLERK   |  4100.00 |           0.00 |        121 |            50 |
|         186 | Julia       | Dellinger   | JDELLING | 650.509.3876       | 1987-09-11 | SH_CLERK   |  3400.00 |           0.00 |        121 |            50 |
|         187 | Anthony     | Cabrio      | ACABRIO  | 650.509.4876       | 1987-09-12 | SH_CLERK   |  3000.00 |           0.00 |        121 |            50 |
|         188 | Kelly       | Chung       | KCHUNG   | 650.505.1876       | 1987-09-13 | SH_CLERK   |  3800.00 |           0.00 |        122 |            50 |
|         189 | Jennifer    | Dilly       | JDILLY   | 650.505.2876       | 1987-09-14 | SH_CLERK   |  3600.00 |           0.00 |        122 |            50 |
|         190 | Timothy     | Gates       | TGATES   | 650.505.3876       | 1987-09-15 | SH_CLERK   |  2900.00 |           0.00 |        122 |            50 |
|         191 | Randall     | Perkins     | RPERKINS | 650.505.4876       | 1987-09-16 | SH_CLERK   |  2500.00 |           0.00 |        122 |            50 |
|         192 | Sarah       | Bell        | SBELL    | 650.501.1876       | 1987-09-17 | SH_CLERK   |  4000.00 |           0.00 |        123 |            50 |
|         193 | Britney     | Everett     | BEVERETT | 650.501.2876       | 1987-09-18 | SH_CLERK   |  3900.00 |           0.00 |        123 |            50 |
|         194 | Samuel      | McCain      | SMCCAIN  | 650.501.3876       | 1987-09-19 | SH_CLERK   |  3200.00 |           0.00 |        123 |            50 |
|         195 | Vance       | Jones       | VJONES   | 650.501.4876       | 1987-09-20 | SH_CLERK   |  2800.00 |           0.00 |        123 |            50 |
|         196 | Alana       | Walsh       | AWALSH   | 650.507.9811       | 1987-09-21 | SH_CLERK   |  3100.00 |           0.00 |        124 |            50 |
|         197 | Kevin       | Feeney      | KFEENEY  | 650.507.9822       | 1987-09-22 | SH_CLERK   |  3000.00 |           0.00 |        124 |            50 |
|         198 | Donald      | OConnell    | DOCONNEL | 650.507.9833       | 1987-09-23 | SH_CLERK   |  2600.00 |           0.00 |        124 |            50 |
|         199 | Douglas     | Grant       | DGRANT   | 650.507.9844       | 1987-09-24 | SH_CLERK   |  2600.00 |           0.00 |        124 |            50 |
|         200 | Jennifer    | Whalen      | JWHALEN  | 515.123.4444       | 1987-09-25 | AD_ASST    |  4400.00 |           0.00 |        101 |            10 |
|         201 | Michael     | Hartstein   | MHARTSTE | 515.123.5555       | 1987-09-26 | MK_MAN     | 13000.00 |           0.00 |        100 |            20 |
|         202 | Pat         | Fay         | PFAY     | 603.123.6666       | 1987-09-27 | MK_REP     |  6000.00 |           0.00 |        201 |            20 |
|         203 | Susan       | Mavris      | SMAVRIS  | 515.123.7777       | 1987-09-28 | HR_REP     |  6500.00 |           0.00 |        101 |            40 |
|         204 | Hermann     | Baer        | HBAER    | 515.123.8888       | 1987-09-29 | PR_REP     | 10000.00 |           0.00 |        101 |            70 |
|         205 | Shelley     | Higgins     | SHIGGINS | 515.123.8080       | 1987-09-30 | AC_MGR     | 12000.00 |           0.00 |        101 |           110 |
|         206 | William     | Gietz       | WGIETZ   | 515.123.8181       | 1987-10-01 | AC_ACCOUNT |  8300.00 |           0.00 |        205 |           110 |
+-------------+-------------+-------------+----------+--------------------+------------+------------+----------+----------------+------------+---------------+
107 rows in set (0.02 sec)

MariaDB [csd2204w18]> select first_name,last_name,salary from employees where salary >(select salary from employees where  last_name='bull');
+-------------+------------+----------+
| first_name  | last_name  | salary   |
+-------------+------------+----------+
| Steven      | King       | 24000.00 |
| Neena       | Kochhar    | 17000.00 |
| Lex         | De Haan    | 17000.00 |
| Alexander   | Hunold     |  9000.00 |
| Bruce       | Ernst      |  6000.00 |
| David       | Austin     |  4800.00 |
| Valli       | Pataballa  |  4800.00 |
| Diana       | Lorentz    |  4200.00 |
| Nancy       | Greenberg  | 12000.00 |
| Daniel      | Faviet     |  9000.00 |
| John        | Chen       |  8200.00 |
| Ismael      | Sciarra    |  7700.00 |
| Jose Manuel | Urman      |  7800.00 |
| Luis        | Popp       |  6900.00 |
| Den         | Raphaely   | 11000.00 |
| Matthew     | Weiss      |  8000.00 |
| Adam        | Fripp      |  8200.00 |
| Payam       | Kaufling   |  7900.00 |
| Shanta      | Vollman    |  6500.00 |
| Kevin       | Mourgos    |  5800.00 |
| John        | Russell    | 14000.00 |
| Karen       | Partners   | 13500.00 |
| Alberto     | Errazuriz  | 12000.00 |
| Gerald      | Cambrault  | 11000.00 |
| Eleni       | Zlotkey    | 10500.00 |
| Peter       | Tucker     | 10000.00 |
| David       | Bernstein  |  9500.00 |
| Peter       | Hall       |  9000.00 |
| Christopher | Olsen      |  8000.00 |
| Nanette     | Cambrault  |  7500.00 |
| Oliver      | Tuvault    |  7000.00 |
| Janette     | King       | 10000.00 |
| Patrick     | Sully      |  9500.00 |
| Allan       | McEwen     |  9000.00 |
| Lindsey     | Smith      |  8000.00 |
| Louise      | Doran      |  7500.00 |
| Sarath      | Sewall     |  7000.00 |
| Clara       | Vishney    | 10500.00 |
| Danielle    | Greene     |  9500.00 |
| Mattea      | Marvins    |  7200.00 |
| David       | Lee        |  6800.00 |
| Sundar      | Ande       |  6400.00 |
| Amit        | Banda      |  6200.00 |
| Lisa        | Ozer       | 11500.00 |
| Harrison    | Bloom      | 10000.00 |
| Tayler      | Fox        |  9600.00 |
| William     | Smith      |  7400.00 |
| Elizabeth   | Bates      |  7300.00 |
| Sundita     | Kumar      |  6100.00 |
| Ellen       | Abel       | 11000.00 |
| Alyssa      | Hutton     |  8800.00 |
| Jonathon    | Taylor     |  8600.00 |
| Jack        | Livingston |  8400.00 |
| Kimberely   | Grant      |  7000.00 |
| Charles     | Johnson    |  6200.00 |
| Nandita     | Sarchand   |  4200.00 |
| Jennifer    | Whalen     |  4400.00 |
| Michael     | Hartstein  | 13000.00 |
| Pat         | Fay        |  6000.00 |
| Susan       | Mavris     |  6500.00 |
| Hermann     | Baer       | 10000.00 |
| Shelley     | Higgins    | 12000.00 |
| William     | Gietz      |  8300.00 |
+-------------+------------+----------+
63 rows in set (0.00 sec)

MariaDB [csd2204w18]> select first_name,last_name,salary from employees where salary >(select salary from employees where first_name like 'n%');
ERROR 1242 (21000): Subquery returns more than 1 row
MariaDB [csd2204w18]> select first_name,last_name,salary from employees where salary >(select salary from employees where first_name like 'n%');
ERROR 1242 (21000): Subquery returns more than 1 row
MariaDB [csd2204w18]> select * from department;
ERROR 1146 (42S02): Table 'csd2204w18.department' doesn't exist
MariaDB [csd2204w18]> select * from departments;
+---------------+----------------------+------------+-------------+
| DEPARTMENT_ID | DEPARTMENT_NAME      | MANAGER_ID | LOCATION_ID |
+---------------+----------------------+------------+-------------+
|            10 | Administration       |        200 |        1700 |
|            20 | Marketing            |        201 |        1800 |
|            30 | Purchasing           |        114 |        1700 |
|            40 | Human Resources      |        203 |        2400 |
|            50 | Shipping             |        121 |        1500 |
|            60 | IT                   |        103 |        1400 |
|            70 | Public Relations     |        204 |        2700 |
|            80 | Sales                |        145 |        2500 |
|            90 | Executive            |        100 |        1700 |
|           100 | Finance              |        108 |        1700 |
|           110 | Accounting           |        205 |        1700 |
|           120 | Treasury             |          0 |        1700 |
|           130 | Corporate Tax        |          0 |        1700 |
|           140 | Control And Credit   |          0 |        1700 |
|           150 | Shareholder Services |          0 |        1700 |
|           160 | Benefits             |          0 |        1700 |
|           170 | Manufacturing        |          0 |        1700 |
|           180 | Construction         |          0 |        1700 |
|           190 | Contracting          |          0 |        1700 |
|           200 | Operations           |          0 |        1700 |
|           210 | IT Support           |          0 |        1700 |
|           220 | NOC                  |          0 |        1700 |
|           230 | IT Helpdesk          |          0 |        1700 |
|           240 | Government Sales     |          0 |        1700 |
|           250 | Retail Sales         |          0 |        1700 |
|           260 | Recruiting           |          0 |        1700 |
|           270 | Payroll              |          0 |        1700 |
+---------------+----------------------+------------+-------------+
27 rows in set (0.00 sec)

MariaDB [csd2204w18]> desc employees;
+----------------+--------------+------+-----+---------+-------+
| Field          | Type         | Null | Key | Default | Extra |
+----------------+--------------+------+-----+---------+-------+
| EMPLOYEE_ID    | decimal(6,0) | NO   | PRI | 0       |       |
| FIRST_NAME     | varchar(20)  | YES  |     | NULL    |       |
| LAST_NAME      | varchar(25)  | NO   | MUL | NULL    |       |
| EMAIL          | varchar(25)  | NO   | UNI | NULL    |       |
| PHONE_NUMBER   | varchar(20)  | YES  |     | NULL    |       |
| HIRE_DATE      | date         | NO   |     | NULL    |       |
| JOB_ID         | varchar(10)  | NO   | MUL | NULL    |       |
| SALARY         | decimal(8,2) | YES  |     | NULL    |       |
| COMMISSION_PCT | decimal(2,2) | YES  |     | NULL    |       |
| MANAGER_ID     | decimal(6,0) | YES  | MUL | NULL    |       |
| DEPARTMENT_ID  | decimal(4,0) | YES  | MUL | NULL    |       |
+----------------+--------------+------+-----+---------+-------+
11 rows in set (0.02 sec)

MariaDB [csd2204w18]> select department_id from departments where department_name like "IT";
+---------------+
| department_id |
+---------------+
|            60 |
+---------------+
1 row in set (0.00 sec)

MariaDB [csd2204w18]> select first_name,last_name from where departmet_id=60;
ERROR 1064 (42000): You have an error in your SQL syntax; check the manual that corresponds to your MariaDB server version for the right syntax to use near 'where departmet_id=60' at line 1
MariaDB [csd2204w18]> select first_name,last_name from where department_id=60;
ERROR 1064 (42000): You have an error in your SQL syntax; check the manual that corresponds to your MariaDB server version for the right syntax to use near 'where department_id=60' at line 1
MariaDB [csd2204w18]> select first_name,last_name from employees where department_id=60;
+------------+-----------+
| first_name | last_name |
+------------+-----------+
| Alexander  | Hunold    |
| Bruce      | Ernst     |
| David      | Austin    |
| Valli      | Pataballa |
| Diana      | Lorentz   |
+------------+-----------+
5 rows in set (0.00 sec)

MariaDB [csd2204w18]> select first_name,last_name from employees where department_id!=60;
+-------------+-------------+
| first_name  | last_name   |
+-------------+-------------+
| Steven      | King        |
| Neena       | Kochhar     |
| Lex         | De Haan     |
| Nancy       | Greenberg   |
| Daniel      | Faviet      |
| John        | Chen        |
| Ismael      | Sciarra     |
| Jose Manuel | Urman       |
| Luis        | Popp        |
| Den         | Raphaely    |
| Alexander   | Khoo        |
| Shelli      | Baida       |
| Sigal       | Tobias      |
| Guy         | Himuro      |
| Karen       | Colmenares  |
| Matthew     | Weiss       |
| Adam        | Fripp       |
| Payam       | Kaufling    |
| Shanta      | Vollman     |
| Kevin       | Mourgos     |
| Julia       | Nayer       |
| Irene       | Mikkilineni |
| James       | Landry      |
| Steven      | Markle      |
| Laura       | Bissot      |
| Mozhe       | Atkinson    |
| James       | Marlow      |
| TJ          | Olson       |
| Jason       | Mallin      |
| Michael     | Rogers      |
| Ki          | Gee         |
| Hazel       | Philtanker  |
| Renske      | Ladwig      |
| Stephen     | Stiles      |
| John        | Seo         |
| Joshua      | Patel       |
| Trenna      | Rajs        |
| Curtis      | Davies      |
| Randall     | Matos       |
| Peter       | Vargas      |
| John        | Russell     |
| Karen       | Partners    |
| Alberto     | Errazuriz   |
| Gerald      | Cambrault   |
| Eleni       | Zlotkey     |
| Peter       | Tucker      |
| David       | Bernstein   |
| Peter       | Hall        |
| Christopher | Olsen       |
| Nanette     | Cambrault   |
| Oliver      | Tuvault     |
| Janette     | King        |
| Patrick     | Sully       |
| Allan       | McEwen      |
| Lindsey     | Smith       |
| Louise      | Doran       |
| Sarath      | Sewall      |
| Clara       | Vishney     |
| Danielle    | Greene      |
| Mattea      | Marvins     |
| David       | Lee         |
| Sundar      | Ande        |
| Amit        | Banda       |
| Lisa        | Ozer        |
| Harrison    | Bloom       |
| Tayler      | Fox         |
| William     | Smith       |
| Elizabeth   | Bates       |
| Sundita     | Kumar       |
| Ellen       | Abel        |
| Alyssa      | Hutton      |
| Jonathon    | Taylor      |
| Jack        | Livingston  |
| Kimberely   | Grant       |
| Charles     | Johnson     |
| Winston     | Taylor      |
| Jean        | Fleaur      |
| Martha      | Sullivan    |
| Girard      | Geoni       |
| Nandita     | Sarchand    |
| Alexis      | Bull        |
| Julia       | Dellinger   |
| Anthony     | Cabrio      |
| Kelly       | Chung       |
| Jennifer    | Dilly       |
| Timothy     | Gates       |
| Randall     | Perkins     |
| Sarah       | Bell        |
| Britney     | Everett     |
| Samuel      | McCain      |
| Vance       | Jones       |
| Alana       | Walsh       |
| Kevin       | Feeney      |
| Donald      | OConnell    |
| Douglas     | Grant       |
| Jennifer    | Whalen      |
| Michael     | Hartstein   |
| Pat         | Fay         |
| Susan       | Mavris      |
| Hermann     | Baer        |
| Shelley     | Higgins     |
| William     | Gietz       |
+-------------+-------------+
102 rows in set (0.00 sec)

MariaDB [csd2204w18]> select first_name,last_name from where department_id=(select department_id from departments where department_name like "IT";);
ERROR 1064 (42000): You have an error in your SQL syntax; check the manual that corresponds to your MariaDB server version for the right syntax to use near 'where department_id=(select department_id from departments where department_name' at line 1
ERROR 1064 (42000): You have an error in your SQL syntax; check the manual that corresponds to your MariaDB server version for the right syntax to use near ')' at line 1
MariaDB [csd2204w18]> select first_name,last_name from where department_id=(select department_id from departments where department_name like "IT");
ERROR 1064 (42000): You have an error in your SQL syntax; check the manual that corresponds to your MariaDB server version for the right syntax to use near 'where department_id=(select department_id from departments where department_name' at line 1
MariaDB [csd2204w18]> desc departments;
+-----------------+--------------+------+-----+---------+-------+
| Field           | Type         | Null | Key | Default | Extra |
+-----------------+--------------+------+-----+---------+-------+
| DEPARTMENT_ID   | decimal(4,0) | NO   | PRI | 0       |       |
| DEPARTMENT_NAME | varchar(30)  | NO   |     | NULL    |       |
| MANAGER_ID      | decimal(6,0) | YES  | MUL | NULL    |       |
| LOCATION_ID     | decimal(4,0) | YES  | MUL | NULL    |       |
+-----------------+--------------+------+-----+---------+-------+
4 rows in set (0.00 sec)

MariaDB [csd2204w18]> desc locations;
+----------------+--------------+------+-----+---------+-------+
| Field          | Type         | Null | Key | Default | Extra |
+----------------+--------------+------+-----+---------+-------+
| LOCATION_ID    | decimal(4,0) | NO   | PRI | 0       |       |
| STREET_ADDRESS | varchar(40)  | YES  |     | NULL    |       |
| POSTAL_CODE    | varchar(12)  | YES  |     | NULL    |       |
| CITY           | varchar(30)  | NO   | MUL | NULL    |       |
| STATE_PROVINCE | varchar(25)  | YES  | MUL | NULL    |       |
| COUNTRY_ID     | varchar(2)   | YES  | MUL | NULL    |       |
+----------------+--------------+------+-----+---------+-------+
6 rows in set (0.02 sec)

MariaDB [csd2204w18]> desc countries;
+--------------+---------------+------+-----+---------+-------+
| Field        | Type          | Null | Key | Default | Extra |
+--------------+---------------+------+-----+---------+-------+
| COUNTRY_ID   | varchar(2)    | NO   | PRI | NULL    |       |
| COUNTRY_NAME | varchar(40)   | YES  |     | NULL    |       |
| REGION_ID    | decimal(10,0) | YES  | MUL | NULL    |       |
+--------------+---------------+------+-----+---------+-------+
3 rows in set (0.00 sec)

MariaDB [csd2204w18]> select department_id from departments where location_id=(select location_id from locations where country_id=(select country_id from countries where country_name='United states of america'));
ERROR 1242 (21000): Subquery returns more than 1 row
MariaDB [csd2204w18]> select location_id from locations where country_id="US";
+-------------+
| location_id |
+-------------+
|        1400 |
|        1500 |
|        1600 |
|        1700 |
+-------------+
4 rows in set (0.00 sec)

MariaDB [csd2204w18]>  select department_id from departments where location_id IN(select location_id from locations where country_id="US";);
ERROR 1064 (42000): You have an error in your SQL syntax; check the manual that corresponds to your MariaDB server version for the right syntax to use near '' at line 1
ERROR 1064 (42000): You have an error in your SQL syntax; check the manual that corresponds to your MariaDB server version for the right syntax to use near ')' at line 1
MariaDB [csd2204w18]>  select department_id from departments where location_id IN(select location_id from locations where country_id="US");
+---------------+
| department_id |
+---------------+
|            60 |
|            50 |
|            10 |
|            30 |
|            90 |
|           100 |
|           110 |
|           120 |
|           130 |
|           140 |
|           150 |
|           160 |
|           170 |
|           180 |
|           190 |
|           200 |
|           210 |
|           220 |
|           230 |
|           240 |
|           250 |
|           260 |
|           270 |
+---------------+
23 rows in set (0.00 sec)

MariaDB [csd2204w18]> select first_name,last_name from employees where manager_id <> 0 AND department_id IN ( select department_id from departments where location_id IN(select location_id from locations where country_id="US"));
+-------------+-------------+
| first_name  | last_name   |
+-------------+-------------+
| Alexander   | Hunold      |
| Bruce       | Ernst       |
| David       | Austin      |
| Valli       | Pataballa   |
| Diana       | Lorentz     |
| Matthew     | Weiss       |
| Adam        | Fripp       |
| Payam       | Kaufling    |
| Shanta      | Vollman     |
| Kevin       | Mourgos     |
| Julia       | Nayer       |
| Irene       | Mikkilineni |
| James       | Landry      |
| Steven      | Markle      |
| Laura       | Bissot      |
| Mozhe       | Atkinson    |
| James       | Marlow      |
| TJ          | Olson       |
| Jason       | Mallin      |
| Michael     | Rogers      |
| Ki          | Gee         |
| Hazel       | Philtanker  |
| Renske      | Ladwig      |
| Stephen     | Stiles      |
| John        | Seo         |
| Joshua      | Patel       |
| Trenna      | Rajs        |
| Curtis      | Davies      |
| Randall     | Matos       |
| Peter       | Vargas      |
| Winston     | Taylor      |
| Jean        | Fleaur      |
| Martha      | Sullivan    |
| Girard      | Geoni       |
| Nandita     | Sarchand    |
| Alexis      | Bull        |
| Julia       | Dellinger   |
| Anthony     | Cabrio      |
| Kelly       | Chung       |
| Jennifer    | Dilly       |
| Timothy     | Gates       |
| Randall     | Perkins     |
| Sarah       | Bell        |
| Britney     | Everett     |
| Samuel      | McCain      |
| Vance       | Jones       |
| Alana       | Walsh       |
| Kevin       | Feeney      |
| Donald      | OConnell    |
| Douglas     | Grant       |
| Jennifer    | Whalen      |
| Den         | Raphaely    |
| Alexander   | Khoo        |
| Shelli      | Baida       |
| Sigal       | Tobias      |
| Guy         | Himuro      |
| Karen       | Colmenares  |
| Neena       | Kochhar     |
| Lex         | De Haan     |
| Nancy       | Greenberg   |
| Daniel      | Faviet      |
| John        | Chen        |
| Ismael      | Sciarra     |
| Jose Manuel | Urman       |
| Luis        | Popp        |
| Shelley     | Higgins     |
| William     | Gietz       |
+-------------+-------------+
67 rows in set (0.00 sec)

MariaDB [csd2204w18]> select first_name,last_name from employees where manager_id <> 0 AND department_id IN ( select department_id from departments where location_id IN(select location_id from locations where country_id="US"));
+-------------+-------------+
| first_name  | last_name   |
+-------------+-------------+
| Alexander   | Hunold      |
| Bruce       | Ernst       |
| David       | Austin      |
| Valli       | Pataballa   |
| Diana       | Lorentz     |
| Matthew     | Weiss       |
| Adam        | Fripp       |
| Payam       | Kaufling    |
| Shanta      | Vollman     |
| Kevin       | Mourgos     |
| Julia       | Nayer       |
| Irene       | Mikkilineni |
| James       | Landry      |
| Steven      | Markle      |
| Laura       | Bissot      |
| Mozhe       | Atkinson    |
| James       | Marlow      |
| TJ          | Olson       |
| Jason       | Mallin      |
| Michael     | Rogers      |
| Ki          | Gee         |
| Hazel       | Philtanker  |
| Renske      | Ladwig      |
| Stephen     | Stiles      |
| John        | Seo         |
| Joshua      | Patel       |
| Trenna      | Rajs        |
| Curtis      | Davies      |
| Randall     | Matos       |
| Peter       | Vargas      |
| Winston     | Taylor      |
| Jean        | Fleaur      |
| Martha      | Sullivan    |
| Girard      | Geoni       |
| Nandita     | Sarchand    |
| Alexis      | Bull        |
| Julia       | Dellinger   |
| Anthony     | Cabrio      |
| Kelly       | Chung       |
| Jennifer    | Dilly       |
| Timothy     | Gates       |
| Randall     | Perkins     |
| Sarah       | Bell        |
| Britney     | Everett     |
| Samuel      | McCain      |
| Vance       | Jones       |
| Alana       | Walsh       |
| Kevin       | Feeney      |
| Donald      | OConnell    |
| Douglas     | Grant       |
| Jennifer    | Whalen      |
| Den         | Raphaely    |
| Alexander   | Khoo        |
| Shelli      | Baida       |
| Sigal       | Tobias      |
| Guy         | Himuro      |
| Karen       | Colmenares  |
| Neena       | Kochhar     |
| Lex         | De Haan     |
| Nancy       | Greenberg   |
| Daniel      | Faviet      |
| John        | Chen        |
| Ismael      | Sciarra     |
| Jose Manuel | Urman       |
| Luis        | Popp        |
| Shelley     | Higgins     |
| William     | Gietz       |
+-------------+-------------+
67 rows in set (0.00 sec)

MariaDB [csd2204w18]> select first_name,last_name from employees where manager_id IN (select employee_id from employees);
+-------------+-------------+
| first_name  | last_name   |
+-------------+-------------+
| Neena       | Kochhar     |
| Lex         | De Haan     |
| Alexander   | Hunold      |
| Bruce       | Ernst       |
| David       | Austin      |
| Valli       | Pataballa   |
| Diana       | Lorentz     |
| Nancy       | Greenberg   |
| Daniel      | Faviet      |
| John        | Chen        |
| Ismael      | Sciarra     |
| Jose Manuel | Urman       |
| Luis        | Popp        |
| Den         | Raphaely    |
| Alexander   | Khoo        |
| Shelli      | Baida       |
| Sigal       | Tobias      |
| Guy         | Himuro      |
| Karen       | Colmenares  |
| Matthew     | Weiss       |
| Adam        | Fripp       |
| Payam       | Kaufling    |
| Shanta      | Vollman     |
| Kevin       | Mourgos     |
| Julia       | Nayer       |
| Irene       | Mikkilineni |
| James       | Landry      |
| Steven      | Markle      |
| Laura       | Bissot      |
| Mozhe       | Atkinson    |
| James       | Marlow      |
| TJ          | Olson       |
| Jason       | Mallin      |
| Michael     | Rogers      |
| Ki          | Gee         |
| Hazel       | Philtanker  |
| Renske      | Ladwig      |
| Stephen     | Stiles      |
| John        | Seo         |
| Joshua      | Patel       |
| Trenna      | Rajs        |
| Curtis      | Davies      |
| Randall     | Matos       |
| Peter       | Vargas      |
| John        | Russell     |
| Karen       | Partners    |
| Alberto     | Errazuriz   |
| Gerald      | Cambrault   |
| Eleni       | Zlotkey     |
| Peter       | Tucker      |
| David       | Bernstein   |
| Peter       | Hall        |
| Christopher | Olsen       |
| Nanette     | Cambrault   |
| Oliver      | Tuvault     |
| Janette     | King        |
| Patrick     | Sully       |
| Allan       | McEwen      |
| Lindsey     | Smith       |
| Louise      | Doran       |
| Sarath      | Sewall      |
| Clara       | Vishney     |
| Danielle    | Greene      |
| Mattea      | Marvins     |
| David       | Lee         |
| Sundar      | Ande        |
| Amit        | Banda       |
| Lisa        | Ozer        |
| Harrison    | Bloom       |
| Tayler      | Fox         |
| William     | Smith       |
| Elizabeth   | Bates       |
| Sundita     | Kumar       |
| Ellen       | Abel        |
| Alyssa      | Hutton      |
| Jonathon    | Taylor      |
| Jack        | Livingston  |
| Kimberely   | Grant       |
| Charles     | Johnson     |
| Winston     | Taylor      |
| Jean        | Fleaur      |
| Martha      | Sullivan    |
| Girard      | Geoni       |
| Nandita     | Sarchand    |
| Alexis      | Bull        |
| Julia       | Dellinger   |
| Anthony     | Cabrio      |
| Kelly       | Chung       |
| Jennifer    | Dilly       |
| Timothy     | Gates       |
| Randall     | Perkins     |
| Sarah       | Bell        |
| Britney     | Everett     |
| Samuel      | McCain      |
| Vance       | Jones       |
| Alana       | Walsh       |
| Kevin       | Feeney      |
| Donald      | OConnell    |
| Douglas     | Grant       |
| Jennifer    | Whalen      |
| Michael     | Hartstein   |
| Pat         | Fay         |
| Susan       | Mavris      |
| Hermann     | Baer        |
| Shelley     | Higgins     |
| William     | Gietz       |
+-------------+-------------+
106 rows in set (0.00 sec)

MariaDB [csd2204w18]> select first_name,last_name from employees where manager_id = employee_id;
Empty set (0.00 sec)

MariaDB [csd2204w18]> select first_name,last_name from employees where manager_id IN (select DISTINCT employee_id from employees);
+-------------+-------------+
| first_name  | last_name   |
+-------------+-------------+
| Neena       | Kochhar     |
| Lex         | De Haan     |
| Alexander   | Hunold      |
| Bruce       | Ernst       |
| David       | Austin      |
| Valli       | Pataballa   |
| Diana       | Lorentz     |
| Nancy       | Greenberg   |
| Daniel      | Faviet      |
| John        | Chen        |
| Ismael      | Sciarra     |
| Jose Manuel | Urman       |
| Luis        | Popp        |
| Den         | Raphaely    |
| Alexander   | Khoo        |
| Shelli      | Baida       |
| Sigal       | Tobias      |
| Guy         | Himuro      |
| Karen       | Colmenares  |
| Matthew     | Weiss       |
| Adam        | Fripp       |
| Payam       | Kaufling    |
| Shanta      | Vollman     |
| Kevin       | Mourgos     |
| Julia       | Nayer       |
| Irene       | Mikkilineni |
| James       | Landry      |
| Steven      | Markle      |
| Laura       | Bissot      |
| Mozhe       | Atkinson    |
| James       | Marlow      |
| TJ          | Olson       |
| Jason       | Mallin      |
| Michael     | Rogers      |
| Ki          | Gee         |
| Hazel       | Philtanker  |
| Renske      | Ladwig      |
| Stephen     | Stiles      |
| John        | Seo         |
| Joshua      | Patel       |
| Trenna      | Rajs        |
| Curtis      | Davies      |
| Randall     | Matos       |
| Peter       | Vargas      |
| John        | Russell     |
| Karen       | Partners    |
| Alberto     | Errazuriz   |
| Gerald      | Cambrault   |
| Eleni       | Zlotkey     |
| Peter       | Tucker      |
| David       | Bernstein   |
| Peter       | Hall        |
| Christopher | Olsen       |
| Nanette     | Cambrault   |
| Oliver      | Tuvault     |
| Janette     | King        |
| Patrick     | Sully       |
| Allan       | McEwen      |
| Lindsey     | Smith       |
| Louise      | Doran       |
| Sarath      | Sewall      |
| Clara       | Vishney     |
| Danielle    | Greene      |
| Mattea      | Marvins     |
| David       | Lee         |
| Sundar      | Ande        |
| Amit        | Banda       |
| Lisa        | Ozer        |
| Harrison    | Bloom       |
| Tayler      | Fox         |
| William     | Smith       |
| Elizabeth   | Bates       |
| Sundita     | Kumar       |
| Ellen       | Abel        |
| Alyssa      | Hutton      |
| Jonathon    | Taylor      |
| Jack        | Livingston  |
| Kimberely   | Grant       |
| Charles     | Johnson     |
| Winston     | Taylor      |
| Jean        | Fleaur      |
| Martha      | Sullivan    |
| Girard      | Geoni       |
| Nandita     | Sarchand    |
| Alexis      | Bull        |
| Julia       | Dellinger   |
| Anthony     | Cabrio      |
| Kelly       | Chung       |
| Jennifer    | Dilly       |
| Timothy     | Gates       |
| Randall     | Perkins     |
| Sarah       | Bell        |
| Britney     | Everett     |
| Samuel      | McCain      |
| Vance       | Jones       |
| Alana       | Walsh       |
| Kevin       | Feeney      |
| Donald      | OConnell    |
| Douglas     | Grant       |
| Jennifer    | Whalen      |
| Michael     | Hartstein   |
| Pat         | Fay         |
| Susan       | Mavris      |
| Hermann     | Baer        |
| Shelley     | Higgins     |
| William     | Gietz       |
+-------------+-------------+
106 rows in set (0.01 sec)

MariaDB [csd2204w18]> select first_name,last_name from employees where employee_id IN (select DISTINCT(manager_id) from employees);
+------------+-----------+
| first_name | last_name |
+------------+-----------+
| Steven     | King      |
| Neena      | Kochhar   |
| Lex        | De Haan   |
| Alexander  | Hunold    |
| Nancy      | Greenberg |
| Den        | Raphaely  |
| Matthew    | Weiss     |
| Adam       | Fripp     |
| Payam      | Kaufling  |
| Shanta     | Vollman   |
| Kevin      | Mourgos   |
| John       | Russell   |
| Karen      | Partners  |
| Alberto    | Errazuriz |
| Gerald     | Cambrault |
| Eleni      | Zlotkey   |
| Michael    | Hartstein |
| Shelley    | Higgins   |
+------------+-----------+
18 rows in set (0.02 sec)

MariaDB [csd2204w18]> select first_name,last_name from employees where employee_id IN (select employee_id from employees where employee_id IN (select DISTINCT(manager_id) from employees));
+------------+-----------+
| first_name | last_name |
+------------+-----------+
| Steven     | King      |
| Neena      | Kochhar   |
| Lex        | De Haan   |
| Alexander  | Hunold    |
| Nancy      | Greenberg |
| Den        | Raphaely  |
| Matthew    | Weiss     |
| Adam       | Fripp     |
| Payam      | Kaufling  |
| Shanta     | Vollman   |
| Kevin      | Mourgos   |
| John       | Russell   |
| Karen      | Partners  |
| Alberto    | Errazuriz |
| Gerald     | Cambrault |
| Eleni      | Zlotkey   |
| Michael    | Hartstein |
| Shelley    | Higgins   |
+------------+-----------+
18 rows in set (0.00 sec)

MariaDB [csd2204w18]> select first_name,last_name,salary from employees where salary > (select avg(salary) from employees);
+-------------+------------+----------+
| first_name  | last_name  | salary   |
+-------------+------------+----------+
| Steven      | King       | 24000.00 |
| Neena       | Kochhar    | 17000.00 |
| Lex         | De Haan    | 17000.00 |
| Alexander   | Hunold     |  9000.00 |
| Nancy       | Greenberg  | 12000.00 |
| Daniel      | Faviet     |  9000.00 |
| John        | Chen       |  8200.00 |
| Ismael      | Sciarra    |  7700.00 |
| Jose Manuel | Urman      |  7800.00 |
| Luis        | Popp       |  6900.00 |
| Den         | Raphaely   | 11000.00 |
| Matthew     | Weiss      |  8000.00 |
| Adam        | Fripp      |  8200.00 |
| Payam       | Kaufling   |  7900.00 |
| Shanta      | Vollman    |  6500.00 |
| John        | Russell    | 14000.00 |
| Karen       | Partners   | 13500.00 |
| Alberto     | Errazuriz  | 12000.00 |
| Gerald      | Cambrault  | 11000.00 |
| Eleni       | Zlotkey    | 10500.00 |
| Peter       | Tucker     | 10000.00 |
| David       | Bernstein  |  9500.00 |
| Peter       | Hall       |  9000.00 |
| Christopher | Olsen      |  8000.00 |
| Nanette     | Cambrault  |  7500.00 |
| Oliver      | Tuvault    |  7000.00 |
| Janette     | King       | 10000.00 |
| Patrick     | Sully      |  9500.00 |
| Allan       | McEwen     |  9000.00 |
| Lindsey     | Smith      |  8000.00 |
| Louise      | Doran      |  7500.00 |
| Sarath      | Sewall     |  7000.00 |
| Clara       | Vishney    | 10500.00 |
| Danielle    | Greene     |  9500.00 |
| Mattea      | Marvins    |  7200.00 |
| David       | Lee        |  6800.00 |
| Lisa        | Ozer       | 11500.00 |
| Harrison    | Bloom      | 10000.00 |
| Tayler      | Fox        |  9600.00 |
| William     | Smith      |  7400.00 |
| Elizabeth   | Bates      |  7300.00 |
| Ellen       | Abel       | 11000.00 |
| Alyssa      | Hutton     |  8800.00 |
| Jonathon    | Taylor     |  8600.00 |
| Jack        | Livingston |  8400.00 |
| Kimberely   | Grant      |  7000.00 |
| Michael     | Hartstein  | 13000.00 |
| Susan       | Mavris     |  6500.00 |
| Hermann     | Baer       | 10000.00 |
| Shelley     | Higgins    | 12000.00 |
| William     | Gietz      |  8300.00 |
+-------------+------------+----------+
51 rows in set (0.00 sec)

MariaDB [csd2204w18]> select first_name,last_name,salary from employees where salary > (select min(salary) from employees);
+-------------+-------------+----------+
| first_name  | last_name   | salary   |
+-------------+-------------+----------+
| Steven      | King        | 24000.00 |
| Neena       | Kochhar     | 17000.00 |
| Lex         | De Haan     | 17000.00 |
| Alexander   | Hunold      |  9000.00 |
| Bruce       | Ernst       |  6000.00 |
| David       | Austin      |  4800.00 |
| Valli       | Pataballa   |  4800.00 |
| Diana       | Lorentz     |  4200.00 |
| Nancy       | Greenberg   | 12000.00 |
| Daniel      | Faviet      |  9000.00 |
| John        | Chen        |  8200.00 |
| Ismael      | Sciarra     |  7700.00 |
| Jose Manuel | Urman       |  7800.00 |
| Luis        | Popp        |  6900.00 |
| Den         | Raphaely    | 11000.00 |
| Alexander   | Khoo        |  3100.00 |
| Shelli      | Baida       |  2900.00 |
| Sigal       | Tobias      |  2800.00 |
| Guy         | Himuro      |  2600.00 |
| Karen       | Colmenares  |  2500.00 |
| Matthew     | Weiss       |  8000.00 |
| Adam        | Fripp       |  8200.00 |
| Payam       | Kaufling    |  7900.00 |
| Shanta      | Vollman     |  6500.00 |
| Kevin       | Mourgos     |  5800.00 |
| Julia       | Nayer       |  3200.00 |
| Irene       | Mikkilineni |  2700.00 |
| James       | Landry      |  2400.00 |
| Steven      | Markle      |  2200.00 |
| Laura       | Bissot      |  3300.00 |
| Mozhe       | Atkinson    |  2800.00 |
| James       | Marlow      |  2500.00 |
| Jason       | Mallin      |  3300.00 |
| Michael     | Rogers      |  2900.00 |
| Ki          | Gee         |  2400.00 |
| Hazel       | Philtanker  |  2200.00 |
| Renske      | Ladwig      |  3600.00 |
| Stephen     | Stiles      |  3200.00 |
| John        | Seo         |  2700.00 |
| Joshua      | Patel       |  2500.00 |
| Trenna      | Rajs        |  3500.00 |
| Curtis      | Davies      |  3100.00 |
| Randall     | Matos       |  2600.00 |
| Peter       | Vargas      |  2500.00 |
| John        | Russell     | 14000.00 |
| Karen       | Partners    | 13500.00 |
| Alberto     | Errazuriz   | 12000.00 |
| Gerald      | Cambrault   | 11000.00 |
| Eleni       | Zlotkey     | 10500.00 |
| Peter       | Tucker      | 10000.00 |
| David       | Bernstein   |  9500.00 |
| Peter       | Hall        |  9000.00 |
| Christopher | Olsen       |  8000.00 |
| Nanette     | Cambrault   |  7500.00 |
| Oliver      | Tuvault     |  7000.00 |
| Janette     | King        | 10000.00 |
| Patrick     | Sully       |  9500.00 |
| Allan       | McEwen      |  9000.00 |
| Lindsey     | Smith       |  8000.00 |
| Louise      | Doran       |  7500.00 |
| Sarath      | Sewall      |  7000.00 |
| Clara       | Vishney     | 10500.00 |
| Danielle    | Greene      |  9500.00 |
| Mattea      | Marvins     |  7200.00 |
| David       | Lee         |  6800.00 |
| Sundar      | Ande        |  6400.00 |
| Amit        | Banda       |  6200.00 |
| Lisa        | Ozer        | 11500.00 |
| Harrison    | Bloom       | 10000.00 |
| Tayler      | Fox         |  9600.00 |
| William     | Smith       |  7400.00 |
| Elizabeth   | Bates       |  7300.00 |
| Sundita     | Kumar       |  6100.00 |
| Ellen       | Abel        | 11000.00 |
| Alyssa      | Hutton      |  8800.00 |
| Jonathon    | Taylor      |  8600.00 |
| Jack        | Livingston  |  8400.00 |
| Kimberely   | Grant       |  7000.00 |
| Charles     | Johnson     |  6200.00 |
| Winston     | Taylor      |  3200.00 |
| Jean        | Fleaur      |  3100.00 |
| Martha      | Sullivan    |  2500.00 |
| Girard      | Geoni       |  2800.00 |
| Nandita     | Sarchand    |  4200.00 |
| Alexis      | Bull        |  4100.00 |
| Julia       | Dellinger   |  3400.00 |
| Anthony     | Cabrio      |  3000.00 |
| Kelly       | Chung       |  3800.00 |
| Jennifer    | Dilly       |  3600.00 |
| Timothy     | Gates       |  2900.00 |
| Randall     | Perkins     |  2500.00 |
| Sarah       | Bell        |  4000.00 |
| Britney     | Everett     |  3900.00 |
| Samuel      | McCain      |  3200.00 |
| Vance       | Jones       |  2800.00 |
| Alana       | Walsh       |  3100.00 |
| Kevin       | Feeney      |  3000.00 |
| Donald      | OConnell    |  2600.00 |
| Douglas     | Grant       |  2600.00 |
| Jennifer    | Whalen      |  4400.00 |
| Michael     | Hartstein   | 13000.00 |
| Pat         | Fay         |  6000.00 |
| Susan       | Mavris      |  6500.00 |
| Hermann     | Baer        | 10000.00 |
| Shelley     | Higgins     | 12000.00 |
| William     | Gietz       |  8300.00 |
+-------------+-------------+----------+
106 rows in set (0.00 sec)

MariaDB [csd2204w18]> select first_name,last_name,salary from employees where salary = (select min(salary) from employees);
+------------+-----------+---------+
| first_name | last_name | salary  |
+------------+-----------+---------+
| TJ         | Olson     | 2100.00 |
+------------+-----------+---------+
1 row in set (0.00 sec)

MariaDB [csd2204w18]> select first_name,last_name,salary from employees where salary = (select MIN_SALARY from jobs where job_id=(select job_id from employees));
ERROR 1242 (21000): Subquery returns more than 1 row
MariaDB [csd2204w18]> select first_name,last_name,salary from employees where salary IN (select MIN_SALARY from jobs where job_id=(select job_id from employees));
ERROR 1242 (21000): Subquery returns more than 1 row
MariaDB [csd2204w18]> select min_salary from jobs;
+------------+
| min_salary |
+------------+
|      20000 |
|      15000 |
|       3000 |
|       8200 |
|       4200 |
|       8200 |
|       4200 |
|      10000 |
|       6000 |
|       8000 |
|       2500 |
|       5500 |
|       2000 |
|       2500 |
|       4000 |
|       9000 |
|       4000 |
|       4000 |
|       4500 |
+------------+
19 rows in set (0.00 sec)

MariaDB [csd2204w18]> select job_id,min_salary from jobs;
+------------+------------+
| job_id     | min_salary |
+------------+------------+
| AD_PRES    |      20000 |
| AD_VP      |      15000 |
| AD_ASST    |       3000 |
| FI_MGR     |       8200 |
| FI_ACCOUNT |       4200 |
| AC_MGR     |       8200 |
| AC_ACCOUNT |       4200 |
| SA_MAN     |      10000 |
| SA_REP     |       6000 |
| PU_MAN     |       8000 |
| PU_CLERK   |       2500 |
| ST_MAN     |       5500 |
| ST_CLERK   |       2000 |
| SH_CLERK   |       2500 |
| IT_PROG    |       4000 |
| MK_MAN     |       9000 |
| MK_REP     |       4000 |
| HR_REP     |       4000 |
| PR_REP     |       4500 |
+------------+------------+
19 rows in set (0.00 sec)

MariaDB [csd2204w18]> select first_name,last_name,salary from employees where salary = (select MIN_SALARY from jobs where employees.job_id = jobs.job_id);
+------------+------------+---------+
| first_name | last_name  | salary  |
+------------+------------+---------+
| Karen      | Colmenares | 2500.00 |
| Martha     | Sullivan   | 2500.00 |
| Randall    | Perkins    | 2500.00 |
+------------+------------+---------+
3 rows in set (0.00 sec)

MariaDB [csd2204w18]> select first_name,last_name,salary from employees where salary > (select avg(salary) from employees) AND department_name like 'IT%';
ERROR 1054 (42S22): Unknown column 'department_name' in 'where clause'
MariaDB [csd2204w18]> select first_name,last_name,salary from employees where salary > (select avg(salary) from employees) AND select department_name from departments where department_name like 'IT%';
ERROR 1064 (42000): You have an error in your SQL syntax; check the manual that corresponds to your MariaDB server version for the right syntax to use near 'select department_name from departments where department_name like 'IT%'' at line 1
MariaDB [csd2204w18]> select first_name,last_name,salary from employees where salary > (select avg(salary) from employees) AND department_id = (select department_id from departments where department_name like 'IT%');
ERROR 1242 (21000): Subquery returns more than 1 row
MariaDB [csd2204w18]> select first_name,last_name,salary from employees where salary > (select avg(salary) from employees) AND department_id IN (select department_id from departments where department_name like 'IT%');
+------------+-----------+---------+
| first_name | last_name | salary  |
+------------+-----------+---------+
| Alexander  | Hunold    | 9000.00 |
+------------+-----------+---------+
1 row in set (0.00 sec)

MariaDB [csd2204w18]> select employee_id,first_name,last_name,salary from employees where salary > (select avg(salary) from employees) AND department_id IN (select department_id from departments where department_name like 'IT%');
+-------------+------------+-----------+---------+
| employee_id | first_name | last_name | salary  |
+-------------+------------+-----------+---------+
|         103 | Alexander  | Hunold    | 9000.00 |
+-------------+------------+-----------+---------+
1 row in set (0.00 sec)

MariaDB [csd2204w18]> select employee_id,first_name,last_name,salary from employees where salary > (select salary from employees where last_name='bell');
+-------------+-------------+------------+----------+
| employee_id | first_name  | last_name  | salary   |
+-------------+-------------+------------+----------+
|         100 | Steven      | King       | 24000.00 |
|         101 | Neena       | Kochhar    | 17000.00 |
|         102 | Lex         | De Haan    | 17000.00 |
|         103 | Alexander   | Hunold     |  9000.00 |
|         104 | Bruce       | Ernst      |  6000.00 |
|         105 | David       | Austin     |  4800.00 |
|         106 | Valli       | Pataballa  |  4800.00 |
|         107 | Diana       | Lorentz    |  4200.00 |
|         108 | Nancy       | Greenberg  | 12000.00 |
|         109 | Daniel      | Faviet     |  9000.00 |
|         110 | John        | Chen       |  8200.00 |
|         111 | Ismael      | Sciarra    |  7700.00 |
|         112 | Jose Manuel | Urman      |  7800.00 |
|         113 | Luis        | Popp       |  6900.00 |
|         114 | Den         | Raphaely   | 11000.00 |
|         120 | Matthew     | Weiss      |  8000.00 |
|         121 | Adam        | Fripp      |  8200.00 |
|         122 | Payam       | Kaufling   |  7900.00 |
|         123 | Shanta      | Vollman    |  6500.00 |
|         124 | Kevin       | Mourgos    |  5800.00 |
|         145 | John        | Russell    | 14000.00 |
|         146 | Karen       | Partners   | 13500.00 |
|         147 | Alberto     | Errazuriz  | 12000.00 |
|         148 | Gerald      | Cambrault  | 11000.00 |
|         149 | Eleni       | Zlotkey    | 10500.00 |
|         150 | Peter       | Tucker     | 10000.00 |
|         151 | David       | Bernstein  |  9500.00 |
|         152 | Peter       | Hall       |  9000.00 |
|         153 | Christopher | Olsen      |  8000.00 |
|         154 | Nanette     | Cambrault  |  7500.00 |
|         155 | Oliver      | Tuvault    |  7000.00 |
|         156 | Janette     | King       | 10000.00 |
|         157 | Patrick     | Sully      |  9500.00 |
|         158 | Allan       | McEwen     |  9000.00 |
|         159 | Lindsey     | Smith      |  8000.00 |
|         160 | Louise      | Doran      |  7500.00 |
|         161 | Sarath      | Sewall     |  7000.00 |
|         162 | Clara       | Vishney    | 10500.00 |
|         163 | Danielle    | Greene     |  9500.00 |
|         164 | Mattea      | Marvins    |  7200.00 |
|         165 | David       | Lee        |  6800.00 |
|         166 | Sundar      | Ande       |  6400.00 |
|         167 | Amit        | Banda      |  6200.00 |
|         168 | Lisa        | Ozer       | 11500.00 |
|         169 | Harrison    | Bloom      | 10000.00 |
|         170 | Tayler      | Fox        |  9600.00 |
|         171 | William     | Smith      |  7400.00 |
|         172 | Elizabeth   | Bates      |  7300.00 |
|         173 | Sundita     | Kumar      |  6100.00 |
|         174 | Ellen       | Abel       | 11000.00 |
|         175 | Alyssa      | Hutton     |  8800.00 |
|         176 | Jonathon    | Taylor     |  8600.00 |
|         177 | Jack        | Livingston |  8400.00 |
|         178 | Kimberely   | Grant      |  7000.00 |
|         179 | Charles     | Johnson    |  6200.00 |
|         184 | Nandita     | Sarchand   |  4200.00 |
|         185 | Alexis      | Bull       |  4100.00 |
|         200 | Jennifer    | Whalen     |  4400.00 |
|         201 | Michael     | Hartstein  | 13000.00 |
|         202 | Pat         | Fay        |  6000.00 |
|         203 | Susan       | Mavris     |  6500.00 |
|         204 | Hermann     | Baer       | 10000.00 |
|         205 | Shelley     | Higgins    | 12000.00 |
|         206 | William     | Gietz      |  8300.00 |
+-------------+-------------+------------+----------+
64 rows in set (0.00 sec)

MariaDB [csd2204w18]> select first_name,last_name,salary from employees where salary = (select min_salary from jobs);
ERROR 1242 (21000): Subquery returns more than 1 row
MariaDB [csd2204w18]> select first_name,last_name,salary from employees where salary = (select min(min_salary) from jobs);
Empty set (0.00 sec)

MariaDB [csd2204w18]> select first_name,last_name,salary from employees where salary = (select min(min_salary)+1000 from jobs);
+------------+-----------+---------+
| first_name | last_name | salary  |
+------------+-----------+---------+
| Anthony    | Cabrio    | 3000.00 |
| Kevin      | Feeney    | 3000.00 |
+------------+-----------+---------+
2 rows in set (0.00 sec)

MariaDB [csd2204w18]> select first_name,last_name,salary from employees where salary > (select max(max_salary) from jobs);
Empty set (0.00 sec)

MariaDB [csd2204w18]> select first_name,last_name,salary from employees where salary > (select max(max_salary) from jobs where job_id='SH_CLERK');
+-------------+------------+----------+
| first_name  | last_name  | salary   |
+-------------+------------+----------+
| Steven      | King       | 24000.00 |
| Neena       | Kochhar    | 17000.00 |
| Lex         | De Haan    | 17000.00 |
| Alexander   | Hunold     |  9000.00 |
| Bruce       | Ernst      |  6000.00 |
| Nancy       | Greenberg  | 12000.00 |
| Daniel      | Faviet     |  9000.00 |
| John        | Chen       |  8200.00 |
| Ismael      | Sciarra    |  7700.00 |
| Jose Manuel | Urman      |  7800.00 |
| Luis        | Popp       |  6900.00 |
| Den         | Raphaely   | 11000.00 |
| Matthew     | Weiss      |  8000.00 |
| Adam        | Fripp      |  8200.00 |
| Payam       | Kaufling   |  7900.00 |
| Shanta      | Vollman    |  6500.00 |
| Kevin       | Mourgos    |  5800.00 |
| John        | Russell    | 14000.00 |
| Karen       | Partners   | 13500.00 |
| Alberto     | Errazuriz  | 12000.00 |
| Gerald      | Cambrault  | 11000.00 |
| Eleni       | Zlotkey    | 10500.00 |
| Peter       | Tucker     | 10000.00 |
| David       | Bernstein  |  9500.00 |
| Peter       | Hall       |  9000.00 |
| Christopher | Olsen      |  8000.00 |
| Nanette     | Cambrault  |  7500.00 |
| Oliver      | Tuvault    |  7000.00 |
| Janette     | King       | 10000.00 |
| Patrick     | Sully      |  9500.00 |
| Allan       | McEwen     |  9000.00 |
| Lindsey     | Smith      |  8000.00 |
| Louise      | Doran      |  7500.00 |
| Sarath      | Sewall     |  7000.00 |
| Clara       | Vishney    | 10500.00 |
| Danielle    | Greene     |  9500.00 |
| Mattea      | Marvins    |  7200.00 |
| David       | Lee        |  6800.00 |
| Sundar      | Ande       |  6400.00 |
| Amit        | Banda      |  6200.00 |
| Lisa        | Ozer       | 11500.00 |
| Harrison    | Bloom      | 10000.00 |
| Tayler      | Fox        |  9600.00 |
| William     | Smith      |  7400.00 |
| Elizabeth   | Bates      |  7300.00 |
| Sundita     | Kumar      |  6100.00 |
| Ellen       | Abel       | 11000.00 |
| Alyssa      | Hutton     |  8800.00 |
| Jonathon    | Taylor     |  8600.00 |
| Jack        | Livingston |  8400.00 |
| Kimberely   | Grant      |  7000.00 |
| Charles     | Johnson    |  6200.00 |
| Michael     | Hartstein  | 13000.00 |
| Pat         | Fay        |  6000.00 |
| Susan       | Mavris     |  6500.00 |
| Hermann     | Baer       | 10000.00 |
| Shelley     | Higgins    | 12000.00 |
| William     | Gietz      |  8300.00 |
+-------------+------------+----------+
58 rows in set (0.00 sec)

MariaDB [csd2204w18]> select first_name,last_name,salary from employees where salary > (select max_salary from jobs where job_id='SH_CLERK') AND job_id='SH_CLERK' ;
Empty set (0.00 sec)

MariaDB [csd2204w18]> select first_name,last_name,salary from employees where salary > ALL (select salary from jobs where job_id='SH_CLERK') order by salary ;
Empty set (0.00 sec)

MariaDB [csd2204w18]> select first_name,last_name,salary from employees where salary > ALL (select salary from employees jobs where job_id='SH_CLERK') order by salary ;
+-------------+------------+----------+
| first_name  | last_name  | salary   |
+-------------+------------+----------+
| Jennifer    | Whalen     |  4400.00 |
| David       | Austin     |  4800.00 |
| Valli       | Pataballa  |  4800.00 |
| Kevin       | Mourgos    |  5800.00 |
| Bruce       | Ernst      |  6000.00 |
| Pat         | Fay        |  6000.00 |
| Sundita     | Kumar      |  6100.00 |
| Amit        | Banda      |  6200.00 |
| Charles     | Johnson    |  6200.00 |
| Sundar      | Ande       |  6400.00 |
| Susan       | Mavris     |  6500.00 |
| Shanta      | Vollman    |  6500.00 |
| David       | Lee        |  6800.00 |
| Luis        | Popp       |  6900.00 |
| Sarath      | Sewall     |  7000.00 |
| Oliver      | Tuvault    |  7000.00 |
| Kimberely   | Grant      |  7000.00 |
| Mattea      | Marvins    |  7200.00 |
| Elizabeth   | Bates      |  7300.00 |
| William     | Smith      |  7400.00 |
| Nanette     | Cambrault  |  7500.00 |
| Louise      | Doran      |  7500.00 |
| Ismael      | Sciarra    |  7700.00 |
| Jose Manuel | Urman      |  7800.00 |
| Payam       | Kaufling   |  7900.00 |
| Lindsey     | Smith      |  8000.00 |
| Matthew     | Weiss      |  8000.00 |
| Christopher | Olsen      |  8000.00 |
| Adam        | Fripp      |  8200.00 |
| John        | Chen       |  8200.00 |
| William     | Gietz      |  8300.00 |
| Jack        | Livingston |  8400.00 |
| Jonathon    | Taylor     |  8600.00 |
| Alyssa      | Hutton     |  8800.00 |
| Allan       | McEwen     |  9000.00 |
| Peter       | Hall       |  9000.00 |
| Alexander   | Hunold     |  9000.00 |
| Daniel      | Faviet     |  9000.00 |
| Patrick     | Sully      |  9500.00 |
| Danielle    | Greene     |  9500.00 |
| David       | Bernstein  |  9500.00 |
| Tayler      | Fox        |  9600.00 |
| Hermann     | Baer       | 10000.00 |
| Harrison    | Bloom      | 10000.00 |
| Janette     | King       | 10000.00 |
| Peter       | Tucker     | 10000.00 |
| Eleni       | Zlotkey    | 10500.00 |
| Clara       | Vishney    | 10500.00 |
| Gerald      | Cambrault  | 11000.00 |
| Ellen       | Abel       | 11000.00 |
| Den         | Raphaely   | 11000.00 |
| Lisa        | Ozer       | 11500.00 |
| Alberto     | Errazuriz  | 12000.00 |
| Shelley     | Higgins    | 12000.00 |
| Nancy       | Greenberg  | 12000.00 |
| Michael     | Hartstein  | 13000.00 |
| Karen       | Partners   | 13500.00 |
| John        | Russell    | 14000.00 |
| Lex         | De Haan    | 17000.00 |
| Neena       | Kochhar    | 17000.00 |
| Steven      | King       | 24000.00 |
+-------------+------------+----------+
61 rows in set (0.00 sec)

MariaDB [csd2204w18]> select b.first_name,b.last_name from employees b where not exists (select * from employees a where a.manager_id=b.employee_id);
+-------------+-------------+
| first_name  | last_name   |
+-------------+-------------+
| Bruce       | Ernst       |
| David       | Austin      |
| Valli       | Pataballa   |
| Diana       | Lorentz     |
| Daniel      | Faviet      |
| John        | Chen        |
| Ismael      | Sciarra     |
| Jose Manuel | Urman       |
| Luis        | Popp        |
| Alexander   | Khoo        |
| Shelli      | Baida       |
| Sigal       | Tobias      |
| Guy         | Himuro      |
| Karen       | Colmenares  |
| Julia       | Nayer       |
| Irene       | Mikkilineni |
| James       | Landry      |
| Steven      | Markle      |
| Laura       | Bissot      |
| Mozhe       | Atkinson    |
| James       | Marlow      |
| TJ          | Olson       |
| Jason       | Mallin      |
| Michael     | Rogers      |
| Ki          | Gee         |
| Hazel       | Philtanker  |
| Renske      | Ladwig      |
| Stephen     | Stiles      |
| John        | Seo         |
| Joshua      | Patel       |
| Trenna      | Rajs        |
| Curtis      | Davies      |
| Randall     | Matos       |
| Peter       | Vargas      |
| Peter       | Tucker      |
| David       | Bernstein   |
| Peter       | Hall        |
| Christopher | Olsen       |
| Nanette     | Cambrault   |
| Oliver      | Tuvault     |
| Janette     | King        |
| Patrick     | Sully       |
| Allan       | McEwen      |
| Lindsey     | Smith       |
| Louise      | Doran       |
| Sarath      | Sewall      |
| Clara       | Vishney     |
| Danielle    | Greene      |
| Mattea      | Marvins     |
| David       | Lee         |
| Sundar      | Ande        |
| Amit        | Banda       |
| Lisa        | Ozer        |
| Harrison    | Bloom       |
| Tayler      | Fox         |
| William     | Smith       |
| Elizabeth   | Bates       |
| Sundita     | Kumar       |
| Ellen       | Abel        |
| Alyssa      | Hutton      |
| Jonathon    | Taylor      |
| Jack        | Livingston  |
| Kimberely   | Grant       |
| Charles     | Johnson     |
| Winston     | Taylor      |
| Jean        | Fleaur      |
| Martha      | Sullivan    |
| Girard      | Geoni       |
| Nandita     | Sarchand    |
| Alexis      | Bull        |
| Julia       | Dellinger   |
| Anthony     | Cabrio      |
| Kelly       | Chung       |
| Jennifer    | Dilly       |
| Timothy     | Gates       |
| Randall     | Perkins     |
| Sarah       | Bell        |
| Britney     | Everett     |
| Samuel      | McCain      |
| Vance       | Jones       |
| Alana       | Walsh       |
| Kevin       | Feeney      |
| Donald      | OConnell    |
| Douglas     | Grant       |
| Jennifer    | Whalen      |
| Pat         | Fay         |
| Susan       | Mavris      |
| Hermann     | Baer        |
| William     | Gietz       |
+-------------+-------------+
89 rows in set (0.00 sec)

MariaDB [csd2204w18]> select b.first_name,b.last_name from employees b where not exists (select 'X' from employees a where a.manager_id=b.employee_id);
+-------------+-------------+
| first_name  | last_name   |
+-------------+-------------+
| Bruce       | Ernst       |
| David       | Austin      |
| Valli       | Pataballa   |
| Diana       | Lorentz     |
| Daniel      | Faviet      |
| John        | Chen        |
| Ismael      | Sciarra     |
| Jose Manuel | Urman       |
| Luis        | Popp        |
| Alexander   | Khoo        |
| Shelli      | Baida       |
| Sigal       | Tobias      |
| Guy         | Himuro      |
| Karen       | Colmenares  |
| Julia       | Nayer       |
| Irene       | Mikkilineni |
| James       | Landry      |
| Steven      | Markle      |
| Laura       | Bissot      |
| Mozhe       | Atkinson    |
| James       | Marlow      |
| TJ          | Olson       |
| Jason       | Mallin      |
| Michael     | Rogers      |
| Ki          | Gee         |
| Hazel       | Philtanker  |
| Renske      | Ladwig      |
| Stephen     | Stiles      |
| John        | Seo         |
| Joshua      | Patel       |
| Trenna      | Rajs        |
| Curtis      | Davies      |
| Randall     | Matos       |
| Peter       | Vargas      |
| Peter       | Tucker      |
| David       | Bernstein   |
| Peter       | Hall        |
| Christopher | Olsen       |
| Nanette     | Cambrault   |
| Oliver      | Tuvault     |
| Janette     | King        |
| Patrick     | Sully       |
| Allan       | McEwen      |
| Lindsey     | Smith       |
| Louise      | Doran       |
| Sarath      | Sewall      |
| Clara       | Vishney     |
| Danielle    | Greene      |
| Mattea      | Marvins     |
| David       | Lee         |
| Sundar      | Ande        |
| Amit        | Banda       |
| Lisa        | Ozer        |
| Harrison    | Bloom       |
| Tayler      | Fox         |
| William     | Smith       |
| Elizabeth   | Bates       |
| Sundita     | Kumar       |
| Ellen       | Abel        |
| Alyssa      | Hutton      |
| Jonathon    | Taylor      |
| Jack        | Livingston  |
| Kimberely   | Grant       |
| Charles     | Johnson     |
| Winston     | Taylor      |
| Jean        | Fleaur      |
| Martha      | Sullivan    |
| Girard      | Geoni       |
| Nandita     | Sarchand    |
| Alexis      | Bull        |
| Julia       | Dellinger   |
| Anthony     | Cabrio      |
| Kelly       | Chung       |
| Jennifer    | Dilly       |
| Timothy     | Gates       |
| Randall     | Perkins     |
| Sarah       | Bell        |
| Britney     | Everett     |
| Samuel      | McCain      |
| Vance       | Jones       |
| Alana       | Walsh       |
| Kevin       | Feeney      |
| Donald      | OConnell    |
| Douglas     | Grant       |
| Jennifer    | Whalen      |
| Pat         | Fay         |
| Susan       | Mavris      |
| Hermann     | Baer        |
| William     | Gietz       |
+-------------+-------------+
89 rows in set (0.00 sec)

MariaDB [csd2204w18]> select employee_id,first_name,last_name from employees left join departments on departments.department_id=employees.department_id ;
+-------------+-------------+-------------+
| employee_id | first_name  | last_name   |
+-------------+-------------+-------------+
|         100 | Steven      | King        |
|         101 | Neena       | Kochhar     |
|         102 | Lex         | De Haan     |
|         103 | Alexander   | Hunold      |
|         104 | Bruce       | Ernst       |
|         105 | David       | Austin      |
|         106 | Valli       | Pataballa   |
|         107 | Diana       | Lorentz     |
|         108 | Nancy       | Greenberg   |
|         109 | Daniel      | Faviet      |
|         110 | John        | Chen        |
|         111 | Ismael      | Sciarra     |
|         112 | Jose Manuel | Urman       |
|         113 | Luis        | Popp        |
|         114 | Den         | Raphaely    |
|         115 | Alexander   | Khoo        |
|         116 | Shelli      | Baida       |
|         117 | Sigal       | Tobias      |
|         118 | Guy         | Himuro      |
|         119 | Karen       | Colmenares  |
|         120 | Matthew     | Weiss       |
|         121 | Adam        | Fripp       |
|         122 | Payam       | Kaufling    |
|         123 | Shanta      | Vollman     |
|         124 | Kevin       | Mourgos     |
|         125 | Julia       | Nayer       |
|         126 | Irene       | Mikkilineni |
|         127 | James       | Landry      |
|         128 | Steven      | Markle      |
|         129 | Laura       | Bissot      |
|         130 | Mozhe       | Atkinson    |
|         131 | James       | Marlow      |
|         132 | TJ          | Olson       |
|         133 | Jason       | Mallin      |
|         134 | Michael     | Rogers      |
|         135 | Ki          | Gee         |
|         136 | Hazel       | Philtanker  |
|         137 | Renske      | Ladwig      |
|         138 | Stephen     | Stiles      |
|         139 | John        | Seo         |
|         140 | Joshua      | Patel       |
|         141 | Trenna      | Rajs        |
|         142 | Curtis      | Davies      |
|         143 | Randall     | Matos       |
|         144 | Peter       | Vargas      |
|         145 | John        | Russell     |
|         146 | Karen       | Partners    |
|         147 | Alberto     | Errazuriz   |
|         148 | Gerald      | Cambrault   |
|         149 | Eleni       | Zlotkey     |
|         150 | Peter       | Tucker      |
|         151 | David       | Bernstein   |
|         152 | Peter       | Hall        |
|         153 | Christopher | Olsen       |
|         154 | Nanette     | Cambrault   |
|         155 | Oliver      | Tuvault     |
|         156 | Janette     | King        |
|         157 | Patrick     | Sully       |
|         158 | Allan       | McEwen      |
|         159 | Lindsey     | Smith       |
|         160 | Louise      | Doran       |
|         161 | Sarath      | Sewall      |
|         162 | Clara       | Vishney     |
|         163 | Danielle    | Greene      |
|         164 | Mattea      | Marvins     |
|         165 | David       | Lee         |
|         166 | Sundar      | Ande        |
|         167 | Amit        | Banda       |
|         168 | Lisa        | Ozer        |
|         169 | Harrison    | Bloom       |
|         170 | Tayler      | Fox         |
|         171 | William     | Smith       |
|         172 | Elizabeth   | Bates       |
|         173 | Sundita     | Kumar       |
|         174 | Ellen       | Abel        |
|         175 | Alyssa      | Hutton      |
|         176 | Jonathon    | Taylor      |
|         177 | Jack        | Livingston  |
|         178 | Kimberely   | Grant       |
|         179 | Charles     | Johnson     |
|         180 | Winston     | Taylor      |
|         181 | Jean        | Fleaur      |
|         182 | Martha      | Sullivan    |
|         183 | Girard      | Geoni       |
|         184 | Nandita     | Sarchand    |
|         185 | Alexis      | Bull        |
|         186 | Julia       | Dellinger   |
|         187 | Anthony     | Cabrio      |
|         188 | Kelly       | Chung       |
|         189 | Jennifer    | Dilly       |
|         190 | Timothy     | Gates       |
|         191 | Randall     | Perkins     |
|         192 | Sarah       | Bell        |
|         193 | Britney     | Everett     |
|         194 | Samuel      | McCain      |
|         195 | Vance       | Jones       |
|         196 | Alana       | Walsh       |
|         197 | Kevin       | Feeney      |
|         198 | Donald      | OConnell    |
|         199 | Douglas     | Grant       |
|         200 | Jennifer    | Whalen      |
|         201 | Michael     | Hartstein   |
|         202 | Pat         | Fay         |
|         203 | Susan       | Mavris      |
|         204 | Hermann     | Baer        |
|         205 | Shelley     | Higgins     |
|         206 | William     | Gietz       |
+-------------+-------------+-------------+
107 rows in set (0.00 sec)

MariaDB [csd2204w18]> select e.employee_id,e.first_name,e.last_name,d,department_name from employees e left join departments d on d.department_id=e.department_id ;
ERROR 1054 (42S22): Unknown column 'd' in 'field list'
MariaDB [csd2204w18]> select e.employee_id,e.first_name,e.last_name,d.department_name from employees e left join departments d on d.department_id=e.department_id ;
+-------------+-------------+-------------+------------------+
| employee_id | first_name  | last_name   | department_name  |
+-------------+-------------+-------------+------------------+
|         100 | Steven      | King        | Executive        |
|         101 | Neena       | Kochhar     | Executive        |
|         102 | Lex         | De Haan     | Executive        |
|         103 | Alexander   | Hunold      | IT               |
|         104 | Bruce       | Ernst       | IT               |
|         105 | David       | Austin      | IT               |
|         106 | Valli       | Pataballa   | IT               |
|         107 | Diana       | Lorentz     | IT               |
|         108 | Nancy       | Greenberg   | Finance          |
|         109 | Daniel      | Faviet      | Finance          |
|         110 | John        | Chen        | Finance          |
|         111 | Ismael      | Sciarra     | Finance          |
|         112 | Jose Manuel | Urman       | Finance          |
|         113 | Luis        | Popp        | Finance          |
|         114 | Den         | Raphaely    | Purchasing       |
|         115 | Alexander   | Khoo        | Purchasing       |
|         116 | Shelli      | Baida       | Purchasing       |
|         117 | Sigal       | Tobias      | Purchasing       |
|         118 | Guy         | Himuro      | Purchasing       |
|         119 | Karen       | Colmenares  | Purchasing       |
|         120 | Matthew     | Weiss       | Shipping         |
|         121 | Adam        | Fripp       | Shipping         |
|         122 | Payam       | Kaufling    | Shipping         |
|         123 | Shanta      | Vollman     | Shipping         |
|         124 | Kevin       | Mourgos     | Shipping         |
|         125 | Julia       | Nayer       | Shipping         |
|         126 | Irene       | Mikkilineni | Shipping         |
|         127 | James       | Landry      | Shipping         |
|         128 | Steven      | Markle      | Shipping         |
|         129 | Laura       | Bissot      | Shipping         |
|         130 | Mozhe       | Atkinson    | Shipping         |
|         131 | James       | Marlow      | Shipping         |
|         132 | TJ          | Olson       | Shipping         |
|         133 | Jason       | Mallin      | Shipping         |
|         134 | Michael     | Rogers      | Shipping         |
|         135 | Ki          | Gee         | Shipping         |
|         136 | Hazel       | Philtanker  | Shipping         |
|         137 | Renske      | Ladwig      | Shipping         |
|         138 | Stephen     | Stiles      | Shipping         |
|         139 | John        | Seo         | Shipping         |
|         140 | Joshua      | Patel       | Shipping         |
|         141 | Trenna      | Rajs        | Shipping         |
|         142 | Curtis      | Davies      | Shipping         |
|         143 | Randall     | Matos       | Shipping         |
|         144 | Peter       | Vargas      | Shipping         |
|         145 | John        | Russell     | Sales            |
|         146 | Karen       | Partners    | Sales            |
|         147 | Alberto     | Errazuriz   | Sales            |
|         148 | Gerald      | Cambrault   | Sales            |
|         149 | Eleni       | Zlotkey     | Sales            |
|         150 | Peter       | Tucker      | Sales            |
|         151 | David       | Bernstein   | Sales            |
|         152 | Peter       | Hall        | Sales            |
|         153 | Christopher | Olsen       | Sales            |
|         154 | Nanette     | Cambrault   | Sales            |
|         155 | Oliver      | Tuvault     | Sales            |
|         156 | Janette     | King        | Sales            |
|         157 | Patrick     | Sully       | Sales            |
|         158 | Allan       | McEwen      | Sales            |
|         159 | Lindsey     | Smith       | Sales            |
|         160 | Louise      | Doran       | Sales            |
|         161 | Sarath      | Sewall      | Sales            |
|         162 | Clara       | Vishney     | Sales            |
|         163 | Danielle    | Greene      | Sales            |
|         164 | Mattea      | Marvins     | Sales            |
|         165 | David       | Lee         | Sales            |
|         166 | Sundar      | Ande        | Sales            |
|         167 | Amit        | Banda       | Sales            |
|         168 | Lisa        | Ozer        | Sales            |
|         169 | Harrison    | Bloom       | Sales            |
|         170 | Tayler      | Fox         | Sales            |
|         171 | William     | Smith       | Sales            |
|         172 | Elizabeth   | Bates       | Sales            |
|         173 | Sundita     | Kumar       | Sales            |
|         174 | Ellen       | Abel        | Sales            |
|         175 | Alyssa      | Hutton      | Sales            |
|         176 | Jonathon    | Taylor      | Sales            |
|         177 | Jack        | Livingston  | Sales            |
|         178 | Kimberely   | Grant       | NULL             |
|         179 | Charles     | Johnson     | Sales            |
|         180 | Winston     | Taylor      | Shipping         |
|         181 | Jean        | Fleaur      | Shipping         |
|         182 | Martha      | Sullivan    | Shipping         |
|         183 | Girard      | Geoni       | Shipping         |
|         184 | Nandita     | Sarchand    | Shipping         |
|         185 | Alexis      | Bull        | Shipping         |
|         186 | Julia       | Dellinger   | Shipping         |
|         187 | Anthony     | Cabrio      | Shipping         |
|         188 | Kelly       | Chung       | Shipping         |
|         189 | Jennifer    | Dilly       | Shipping         |
|         190 | Timothy     | Gates       | Shipping         |
|         191 | Randall     | Perkins     | Shipping         |
|         192 | Sarah       | Bell        | Shipping         |
|         193 | Britney     | Everett     | Shipping         |
|         194 | Samuel      | McCain      | Shipping         |
|         195 | Vance       | Jones       | Shipping         |
|         196 | Alana       | Walsh       | Shipping         |
|         197 | Kevin       | Feeney      | Shipping         |
|         198 | Donald      | OConnell    | Shipping         |
|         199 | Douglas     | Grant       | Shipping         |
|         200 | Jennifer    | Whalen      | Administration   |
|         201 | Michael     | Hartstein   | Marketing        |
|         202 | Pat         | Fay         | Marketing        |
|         203 | Susan       | Mavris      | Human Resources  |
|         204 | Hermann     | Baer        | Public Relations |
|         205 | Shelley     | Higgins     | Accounting       |
|         206 | William     | Gietz       | Accounting       |
+-------------+-------------+-------------+------------------+
107 rows in set (0.00 sec)

MariaDB [csd2204w18]> select employee_id,first_name,last_name,
    -> (select department_name from departments d
    -> where e.department_id = d.department_id) department
    -> from employees e order by department;
+-------------+-------------+-------------+------------------+
| employee_id | first_name  | last_name   | department       |
+-------------+-------------+-------------+------------------+
|         178 | Kimberely   | Grant       | NULL             |
|         205 | Shelley     | Higgins     | Accounting       |
|         206 | William     | Gietz       | Accounting       |
|         200 | Jennifer    | Whalen      | Administration   |
|         100 | Steven      | King        | Executive        |
|         102 | Lex         | De Haan     | Executive        |
|         101 | Neena       | Kochhar     | Executive        |
|         112 | Jose Manuel | Urman       | Finance          |
|         113 | Luis        | Popp        | Finance          |
|         111 | Ismael      | Sciarra     | Finance          |
|         110 | John        | Chen        | Finance          |
|         109 | Daniel      | Faviet      | Finance          |
|         108 | Nancy       | Greenberg   | Finance          |
|         203 | Susan       | Mavris      | Human Resources  |
|         103 | Alexander   | Hunold      | IT               |
|         104 | Bruce       | Ernst       | IT               |
|         105 | David       | Austin      | IT               |
|         107 | Diana       | Lorentz     | IT               |
|         106 | Valli       | Pataballa   | IT               |
|         202 | Pat         | Fay         | Marketing        |
|         201 | Michael     | Hartstein   | Marketing        |
|         204 | Hermann     | Baer        | Public Relations |
|         118 | Guy         | Himuro      | Purchasing       |
|         114 | Den         | Raphaely    | Purchasing       |
|         115 | Alexander   | Khoo        | Purchasing       |
|         116 | Shelli      | Baida       | Purchasing       |
|         117 | Sigal       | Tobias      | Purchasing       |
|         119 | Karen       | Colmenares  | Purchasing       |
|         163 | Danielle    | Greene      | Sales            |
|         162 | Clara       | Vishney     | Sales            |
|         161 | Sarath      | Sewall      | Sales            |
|         160 | Louise      | Doran       | Sales            |
|         159 | Lindsey     | Smith       | Sales            |
|         158 | Allan       | McEwen      | Sales            |
|         157 | Patrick     | Sully       | Sales            |
|         156 | Janette     | King        | Sales            |
|         155 | Oliver      | Tuvault     | Sales            |
|         154 | Nanette     | Cambrault   | Sales            |
|         153 | Christopher | Olsen       | Sales            |
|         164 | Mattea      | Marvins     | Sales            |
|         165 | David       | Lee         | Sales            |
|         167 | Amit        | Banda       | Sales            |
|         177 | Jack        | Livingston  | Sales            |
|         176 | Jonathon    | Taylor      | Sales            |
|         175 | Alyssa      | Hutton      | Sales            |
|         174 | Ellen       | Abel        | Sales            |
|         173 | Sundita     | Kumar       | Sales            |
|         172 | Elizabeth   | Bates       | Sales            |
|         171 | William     | Smith       | Sales            |
|         170 | Tayler      | Fox         | Sales            |
|         169 | Harrison    | Bloom       | Sales            |
|         168 | Lisa        | Ozer        | Sales            |
|         179 | Charles     | Johnson     | Sales            |
|         152 | Peter       | Hall        | Sales            |
|         145 | John        | Russell     | Sales            |
|         146 | Karen       | Partners    | Sales            |
|         147 | Alberto     | Errazuriz   | Sales            |
|         148 | Gerald      | Cambrault   | Sales            |
|         149 | Eleni       | Zlotkey     | Sales            |
|         150 | Peter       | Tucker      | Sales            |
|         151 | David       | Bernstein   | Sales            |
|         166 | Sundar      | Ande        | Sales            |
|         194 | Samuel      | McCain      | Shipping         |
|         193 | Britney     | Everett     | Shipping         |
|         192 | Sarah       | Bell        | Shipping         |
|         191 | Randall     | Perkins     | Shipping         |
|         190 | Timothy     | Gates       | Shipping         |
|         189 | Jennifer    | Dilly       | Shipping         |
|         188 | Kelly       | Chung       | Shipping         |
|         187 | Anthony     | Cabrio      | Shipping         |
|         186 | Julia       | Dellinger   | Shipping         |
|         195 | Vance       | Jones       | Shipping         |
|         196 | Alana       | Walsh       | Shipping         |
|         197 | Kevin       | Feeney      | Shipping         |
|         180 | Winston     | Taylor      | Shipping         |
|         120 | Matthew     | Weiss       | Shipping         |
|         121 | Adam        | Fripp       | Shipping         |
|         122 | Payam       | Kaufling    | Shipping         |
|         123 | Shanta      | Vollman     | Shipping         |
|         124 | Kevin       | Mourgos     | Shipping         |
|         125 | Julia       | Nayer       | Shipping         |
|         199 | Douglas     | Grant       | Shipping         |
|         198 | Donald      | OConnell    | Shipping         |
|         185 | Alexis      | Bull        | Shipping         |
|         184 | Nandita     | Sarchand    | Shipping         |
|         183 | Girard      | Geoni       | Shipping         |
|         135 | Ki          | Gee         | Shipping         |
|         136 | Hazel       | Philtanker  | Shipping         |
|         137 | Renske      | Ladwig      | Shipping         |
|         138 | Stephen     | Stiles      | Shipping         |
|         139 | John        | Seo         | Shipping         |
|         140 | Joshua      | Patel       | Shipping         |
|         141 | Trenna      | Rajs        | Shipping         |
|         142 | Curtis      | Davies      | Shipping         |
|         143 | Randall     | Matos       | Shipping         |
|         134 | Michael     | Rogers      | Shipping         |
|         133 | Jason       | Mallin      | Shipping         |
|         182 | Martha      | Sullivan    | Shipping         |
|         181 | Jean        | Fleaur      | Shipping         |
|         126 | Irene       | Mikkilineni | Shipping         |
|         127 | James       | Landry      | Shipping         |
|         128 | Steven      | Markle      | Shipping         |
|         129 | Laura       | Bissot      | Shipping         |
|         130 | Mozhe       | Atkinson    | Shipping         |
|         131 | James       | Marlow      | Shipping         |
|         132 | TJ          | Olson       | Shipping         |
|         144 | Peter       | Vargas      | Shipping         |
+-------------+-------------+-------------+------------------+
107 rows in set (0.00 sec)

